Component: ARM Compiler 5.06 update 3 (build 300) Tool: armlink [4d35c9]

==============================================================================

Section Cross References

    stm32f1xx_hal_spi.o(i.HAL_SPI_DMAStop) refers to stm32f1xx_hal_dma.o(i.HAL_DMA_Abort) for HAL_DMA_Abort
    stm32f1xx_hal_spi.o(i.HAL_SPI_DeInit) refers to stm32f1xx_hal_msp.o(i.HAL_SPI_MspDeInit) for HAL_SPI_MspDeInit
    stm32f1xx_hal_spi.o(i.HAL_SPI_IRQHandler) refers to stm32f1xx_hal_spi.o(i.HAL_SPI_ErrorCallback) for HAL_SPI_ErrorCallback
    stm32f1xx_hal_spi.o(i.HAL_SPI_Init) refers to stm32f1xx_hal_msp.o(i.HAL_SPI_MspInit) for HAL_SPI_MspInit
    stm32f1xx_hal_spi.o(i.HAL_SPI_Receive) refers to stm32f1xx_hal_spi.o(i.HAL_SPI_TransmitReceive) for HAL_SPI_TransmitReceive
    stm32f1xx_hal_spi.o(i.HAL_SPI_Receive) refers to stm32f1xx_hal_spi.o(i.SPI_WaitOnFlagUntilTimeout) for SPI_WaitOnFlagUntilTimeout
    stm32f1xx_hal_spi.o(i.HAL_SPI_Receive) refers to stm32f1xx_hal_spi_ex.o(i.SPI_ISCRCErrorValid) for SPI_ISCRCErrorValid
    stm32f1xx_hal_spi.o(i.HAL_SPI_Receive_DMA) refers to stm32f1xx_hal_spi.o(i.HAL_SPI_TransmitReceive_DMA) for HAL_SPI_TransmitReceive_DMA
    stm32f1xx_hal_spi.o(i.HAL_SPI_Receive_DMA) refers to stm32f1xx_hal_dma.o(i.HAL_DMA_Start_IT) for HAL_DMA_Start_IT
    stm32f1xx_hal_spi.o(i.HAL_SPI_Receive_DMA) refers to stm32f1xx_hal_spi.o(i.SPI_DMAHalfReceiveCplt) for SPI_DMAHalfReceiveCplt
    stm32f1xx_hal_spi.o(i.HAL_SPI_Receive_DMA) refers to stm32f1xx_hal_spi.o(i.SPI_DMAReceiveCplt) for SPI_DMAReceiveCplt
    stm32f1xx_hal_spi.o(i.HAL_SPI_Receive_DMA) refers to stm32f1xx_hal_spi.o(i.SPI_DMAError) for SPI_DMAError
    stm32f1xx_hal_spi.o(i.HAL_SPI_Receive_IT) refers to stm32f1xx_hal_spi.o(i.HAL_SPI_TransmitReceive_IT) for HAL_SPI_TransmitReceive_IT
    stm32f1xx_hal_spi.o(i.HAL_SPI_Receive_IT) refers to stm32f1xx_hal_spi.o(i.SPI_RxISR) for SPI_RxISR
    stm32f1xx_hal_spi.o(i.HAL_SPI_Transmit) refers to stm32f1xx_hal_spi.o(i.SPI_WaitOnFlagUntilTimeout) for SPI_WaitOnFlagUntilTimeout
    stm32f1xx_hal_spi.o(i.HAL_SPI_TransmitReceive) refers to stm32f1xx_hal_spi.o(i.SPI_WaitOnFlagUntilTimeout) for SPI_WaitOnFlagUntilTimeout
    stm32f1xx_hal_spi.o(i.HAL_SPI_TransmitReceive_DMA) refers to stm32f1xx_hal_dma.o(i.HAL_DMA_Start_IT) for HAL_DMA_Start_IT
    stm32f1xx_hal_spi.o(i.HAL_SPI_TransmitReceive_DMA) refers to stm32f1xx_hal_spi.o(i.SPI_DMAHalfReceiveCplt) for SPI_DMAHalfReceiveCplt
    stm32f1xx_hal_spi.o(i.HAL_SPI_TransmitReceive_DMA) refers to stm32f1xx_hal_spi.o(i.SPI_DMAReceiveCplt) for SPI_DMAReceiveCplt
    stm32f1xx_hal_spi.o(i.HAL_SPI_TransmitReceive_DMA) refers to stm32f1xx_hal_spi.o(i.SPI_DMAHalfTransmitReceiveCplt) for SPI_DMAHalfTransmitReceiveCplt
    stm32f1xx_hal_spi.o(i.HAL_SPI_TransmitReceive_DMA) refers to stm32f1xx_hal_spi.o(i.SPI_DMATransmitReceiveCplt) for SPI_DMATransmitReceiveCplt
    stm32f1xx_hal_spi.o(i.HAL_SPI_TransmitReceive_DMA) refers to stm32f1xx_hal_spi.o(i.SPI_DMAError) for SPI_DMAError
    stm32f1xx_hal_spi.o(i.HAL_SPI_TransmitReceive_IT) refers to stm32f1xx_hal_spi.o(i.SPI_TxISR) for SPI_TxISR
    stm32f1xx_hal_spi.o(i.HAL_SPI_TransmitReceive_IT) refers to stm32f1xx_hal_spi.o(i.SPI_2LinesRxISR) for SPI_2LinesRxISR
    stm32f1xx_hal_spi.o(i.HAL_SPI_Transmit_DMA) refers to stm32f1xx_hal_dma.o(i.HAL_DMA_Start_IT) for HAL_DMA_Start_IT
    stm32f1xx_hal_spi.o(i.HAL_SPI_Transmit_DMA) refers to stm32f1xx_hal_spi.o(i.SPI_DMAHalfTransmitCplt) for SPI_DMAHalfTransmitCplt
    stm32f1xx_hal_spi.o(i.HAL_SPI_Transmit_DMA) refers to stm32f1xx_hal_spi.o(i.SPI_DMATransmitCplt) for SPI_DMATransmitCplt
    stm32f1xx_hal_spi.o(i.HAL_SPI_Transmit_DMA) refers to stm32f1xx_hal_spi.o(i.SPI_DMAError) for SPI_DMAError
    stm32f1xx_hal_spi.o(i.HAL_SPI_Transmit_IT) refers to stm32f1xx_hal_spi.o(i.SPI_TxISR) for SPI_TxISR
    stm32f1xx_hal_spi.o(i.SPI_2LinesRxISR) refers to stm32f1xx_hal_spi.o(i.SPI_RxCloseIRQHandler) for SPI_RxCloseIRQHandler
    stm32f1xx_hal_spi.o(i.SPI_DMAError) refers to stm32f1xx_hal_spi.o(i.HAL_SPI_ErrorCallback) for HAL_SPI_ErrorCallback
    stm32f1xx_hal_spi.o(i.SPI_DMAHalfReceiveCplt) refers to stm32f1xx_hal_spi.o(i.HAL_SPI_RxHalfCpltCallback) for HAL_SPI_RxHalfCpltCallback
    stm32f1xx_hal_spi.o(i.SPI_DMAHalfTransmitCplt) refers to stm32f1xx_hal_spi.o(i.HAL_SPI_TxHalfCpltCallback) for HAL_SPI_TxHalfCpltCallback
    stm32f1xx_hal_spi.o(i.SPI_DMAHalfTransmitReceiveCplt) refers to stm32f1xx_hal_spi.o(i.HAL_SPI_TxRxHalfCpltCallback) for HAL_SPI_TxRxHalfCpltCallback
    stm32f1xx_hal_spi.o(i.SPI_DMAReceiveCplt) refers to stm32f1xx_hal_spi.o(i.SPI_WaitOnFlagUntilTimeout) for SPI_WaitOnFlagUntilTimeout
    stm32f1xx_hal_spi.o(i.SPI_DMAReceiveCplt) refers to stm32f1xx_hal_spi_ex.o(i.SPI_ISCRCErrorValid) for SPI_ISCRCErrorValid
    stm32f1xx_hal_spi.o(i.SPI_DMAReceiveCplt) refers to stm32f1xx_hal_spi.o(i.HAL_SPI_ErrorCallback) for HAL_SPI_ErrorCallback
    stm32f1xx_hal_spi.o(i.SPI_DMAReceiveCplt) refers to stm32f1xx_hal_spi.o(i.HAL_SPI_RxCpltCallback) for HAL_SPI_RxCpltCallback
[...]
    ../clib/microlib/stdio/streams.c         0x00000000   Number         0  stdout.o ABSOLUTE
    ../clib/microlib/string/memcpy.c         0x00000000   Number         0  memcpya.o ABSOLUTE
    ../clib/microlib/string/memcpy.c         0x00000000   Number         0  memcpyb.o ABSOLUTE
    ../clib/microlib/string/memset.c         0x00000000   Number         0  memseta.o ABSOLUTE
    ../clib/microlib/string/strcpy.c         0x00000000   Number         0  strcpy.o ABSOLUTE
    ../clib/microlib/string/strncat.c        0x00000000   Number         0  strncat.o ABSOLUTE
    ../clib/microlib/string/strstr.c         0x00000000   Number         0  strstr.o ABSOLUTE
    ../clib/microlib/stubs.s                 0x00000000   Number         0  iusesemip.o ABSOLUTE
    ../clib/microlib/stubs.s                 0x00000000   Number         0  iusefp.o ABSOLUTE
    ../fplib/microlib/fpadd.c                0x00000000   Number         0  dadd.o ABSOLUTE
    ../fplib/microlib/fpdiv.c                0x00000000   Number         0  ddiv.o ABSOLUTE
    ../fplib/microlib/fpepilogue.c           0x00000000   Number         0  depilogue.o ABSOLUTE
    ../fplib/microlib/fpfix.c                0x00000000   Number         0  dfixul.o ABSOLUTE
    ../fplib/microlib/fpmul.c                0x00000000   Number         0  dmul.o ABSOLUTE
    ..\Drivers\CMSIS\\Device\ST\STM32F1xx\Source\Templates\system_stm32f1xx.c 0x00000000   Number         0  system_stm32f1xx.o ABSOLUTE
    ..\Drivers\STM32F1xx_HAL_Driver\Src\stm32f1xx_hal.c 0x00000000   Number         0  stm32f1xx_hal.o ABSOLUTE
    ..\Drivers\STM32F1xx_HAL_Driver\Src\stm32f1xx_hal_adc.c 0x00000000   Number         0  stm32f1xx_hal_adc.o ABSOLUTE
    ..\Drivers\STM32F1xx_HAL_Driver\Src\stm32f1xx_hal_adc_ex.c 0x00000000   Number         0  stm32f1xx_hal_adc_ex.o ABSOLUTE
    ..\Drivers\STM32F1xx_HAL_Driver\Src\stm32f1xx_hal_cortex.c 0x00000000   Number         0  stm32f1xx_hal_cortex.o ABSOLUTE
    ..\Drivers\STM32F1xx_HAL_Driver\Src\stm32f1xx_hal_dma.c 0x00000000   Number         0  stm32f1xx_hal_dma.o ABSOLUTE
    ..\Drivers\STM32F1xx_HAL_Driver\Src\stm32f1xx_hal_flash.c 0x00000000   Number         0  stm32f1xx_hal_flash.o ABSOLUTE
    ..\Drivers\STM32F1xx_HAL_Driver\Src\stm32f1xx_hal_flash_ex.c 0x00000000   Number         0  stm32f1xx_hal_flash_ex.o ABSOLUTE
    ..\Drivers\STM32F1xx_HAL_Driver\Src\stm32f1xx_hal_gpio.c 0x00000000   Number         0  stm32f1xx_hal_gpio.o ABSOLUTE
    ..\Drivers\STM32F1xx_HAL_Driver\Src\stm32f1xx_hal_gpio_ex.c 0x00000000   Number         0  stm32f1xx_hal_gpio_ex.o ABSOLUTE
    ..\Drivers\STM32F1xx_HAL_Driver\Src\stm32f1xx_hal_pwr.c 0x00000000   Number         0  stm32f1xx_hal_pwr.o ABSOLUTE
    ..\Drivers\STM32F1xx_HAL_Driver\Src\stm32f1xx_hal_rcc.c 0x00000000   Number         0  stm32f1xx_hal_rcc.o ABSOLUTE
    ..\Drivers\STM32F1xx_HAL_Driver\Src\stm32f1xx_hal_rcc_ex.c 0x00000000   Number         0  stm32f1xx_hal_rcc_ex.o ABSOLUTE
    ..\Drivers\STM32F1xx_HAL_Driver\Src\stm32f1xx_hal_spi.c 0x00000000   Number         0  stm32f1xx_hal_spi.o ABSOLUTE
    ..\Drivers\STM32F1xx_HAL_Driver\Src\stm32f1xx_hal_spi_ex.c 0x00000000   Number         0  stm32f1xx_hal_spi_ex.o ABSOLUTE
    ..\Drivers\STM32F1xx_HAL_Driver\Src\stm32f1xx_hal_tim.c 0x00000000   Number         0  stm32f1xx_hal_tim.o ABSOLUTE
    ..\Drivers\STM32F1xx_HAL_Driver\Src\stm32f1xx_hal_tim_ex.c 0x00000000   Number         0  stm32f1xx_hal_tim_ex.o ABSOLUTE
    ..\Drivers\STM32F1xx_HAL_Driver\Src\stm32f1xx_hal_uart.c 0x00000000   Number         0  stm32f1xx_hal_uart.o ABSOLUTE
    ..\Middlewares\Third_Party\FreeRTOS\Source\CMSIS_RTOS\cmsis_os.c 0x00000000   Number         0  cmsis_os.o ABSOLUTE
    ..\Middlewares\Third_Party\FreeRTOS\Source\portable\RVDS\ARM_CM3\port.c 0x00000000   Number         0  port.o ABSOLUTE
    ..\Src\bluetooth.c                       0x00000000   Number         0  bluetooth.o ABSOLUTE
    ..\Src\keyboard.c                        0x00000000   Number         0  keyboard.o ABSOLUTE
    ..\Src\main.c                            0x00000000   Number         0  main.o ABSOLUTE
    ..\Src\stm32f1xx_hal_msp.c               0x00000000   Number         0  stm32f1xx_hal_msp.o ABSOLUTE
    ..\Src\stm32f1xx_hal_timebase_TIM.c      0x00000000   Number         0  stm32f1xx_hal_timebase_tim.o ABSOLUTE
    ..\Src\stm32f1xx_it.c                    0x00000000   Number         0  stm32f1xx_it.o ABSOLUTE
    ..\\Src\\bluetooth.c                     0x00000000   Number         0  bluetooth.o ABSOLUTE
    ..\\Src\\keyboard.c                      0x00000000   Number         0  keyboard.o ABSOLUTE
    cdrcmple.s                               0x00000000   Number         0  cdrcmple.o ABSOLUTE
    dc.s                                     0x00000000   Number         0  dc.o ABSOLUTE
    handlers.s                               0x00000000   Number         0  handlers.o ABSOLUTE
    init.s                                   0x00000000   Number         0  init.o ABSOLUTE
    startup_stm32f103xb.s                    0x00000000   Number         0  startup_stm32f103xb.o ABSOLUTE
    RESET                                    0x08000000   Section      236  startup_stm32f103xb.o(RESET)
    .ARM.Collect$$$$00000000                 0x080000ec   Section        0  entry.o(.ARM.Collect$$$$00000000)
    .ARM.Collect$$$$00000001                 0x080000ec   Section        4  entry2.o(.ARM.Collect$$$$00000001)
    .ARM.Collect$$$$00000004                 0x080000f0   Section        4  entry5.o(.ARM.Collect$$$$00000004)
    .ARM.Collect$$$$00000008                 0x080000f4   Section        0  entry7b.o(.ARM.Collect$$$$00000008)
    .ARM.Collect$$$$0000000A                 0x080000f4   Section        0  entry8b.o(.ARM.Collect$$$$0000000A)
    .ARM.Collect$$$$0000000B                 0x080000f4   Section        8  entry9a.o(.ARM.Collect$$$$0000000B)
    .ARM.Collect$$$$0000000D                 0x080000fc   Section        0  entry10a.o(.ARM.Collect$$$$0000000D)
    .ARM.Collect$$$$0000000F                 0x080000fc   Section        0  entry11a.o(.ARM.Collect$$$$0000000F)
    .ARM.Collect$$$$00002712                 0x080000fc   Section        4  entry2.o(.ARM.Collect$$$$00002712)
    __lit__00000000                          0x080000fc   Data           4  entry2.o(.ARM.Collect$$$$00002712)
    .emb_text                                0x08000100   Section      162  port.o(.emb_text)
    .text                                    0x080001a4   Section       36  startup_stm32f103xb.o(.text)
    .text                                    0x080001c8   Section        0  llushr.o(.text)
    .text                                    0x080001e8   Section        0  memcpya.o(.text)
    .text                                    0x0800020c   Section        0  memseta.o(.text)
    .text                                    0x08000230   Section        0  uldiv.o(.text)
    .text                                    0x08000294   Section       36  init.o(.text)
    .text                                    0x080002b8   Section        0  llshl.o(.text)
    i.ADC_ConversionStop_Disable             0x080002d6   Section        0  stm32f1xx_hal_adc.o(i.ADC_ConversionStop_Disable)
    i.BT_Comm                                0x08000328   Section        0  bluetooth.o(i.BT_Comm)
    i.BusFault_Handler                       0x08000398   Section        0  stm32f1xx_it.o(i.BusFault_Handler)
    i.DMA1_Channel2_IRQHandler               0x0800039c   Section        0  stm32f1xx_it.o(i.DMA1_Channel2_IRQHandler)
    i.DMA1_Channel3_IRQHandler               0x080003ac   Section        0  stm32f1xx_it.o(i.DMA1_Channel3_IRQHandler)
    i.DMA1_Channel4_IRQHandler               0x080003bc   Section        0  stm32f1xx_it.o(i.DMA1_Channel4_IRQHandler)
    i.DMA1_Channel5_IRQHandler               0x080003cc   Section        0  stm32f1xx_it.o(i.DMA1_Channel5_IRQHandler)
    i.DMA_SetConfig                          0x080003dc   Section        0  stm32f1xx_hal_dma.o(i.DMA_SetConfig)
    DMA_SetConfig                            0x080003dd   Thumb Code    32  stm32f1xx_hal_dma.o(i.DMA_SetConfig)
    i.DebugMon_Handler                       0x080003fc   Section        0  stm32f1xx_it.o(i.DebugMon_Handler)
    i.EXTI9_5_IRQHandler                     0x080003fe   Section        0  stm32f1xx_it.o(i.EXTI9_5_IRQHandler)
    i.Error_Handler                          0x08000408   Section        0  main.o(i.Error_Handler)
    i.HAL_ADC_ConfigChannel                  0x0800040c   Section        0  stm32f1xx_hal_adc.o(i.HAL_ADC_ConfigChannel)
    i.HAL_ADC_Init                           0x080005d0   Section        0  stm32f1xx_hal_adc.o(i.HAL_ADC_Init)
    i.HAL_ADC_MspInit                        0x08000734   Section        0  stm32f1xx_hal_msp.o(i.HAL_ADC_MspInit)
    i.HAL_DMA_IRQHandler                     0x08000794   Section        0  stm32f1xx_hal_dma.o(i.HAL_DMA_IRQHandler)
    i.HAL_DMA_Init                           0x08000aa4   Section        0  stm32f1xx_hal_dma.o(i.HAL_DMA_Init)
    i.HAL_DMA_Start_IT                       0x08000af8   Section        0  stm32f1xx_hal_dma.o(i.HAL_DMA_Start_IT)
    i.HAL_Delay                              0x08000b6e   Section        0  stm32f1xx_hal.o(i.HAL_Delay)
    i.HAL_GPIO_EXTI_Callback                 0x08000b88   Section        0  keyboard.o(i.HAL_GPIO_EXTI_Callback)
    i.HAL_GPIO_EXTI_IRQHandler               0x08000bb4   Section        0  stm32f1xx_hal_gpio.o(i.HAL_GPIO_EXTI_IRQHandler)
    i.HAL_GPIO_Init                          0x08000bd0   Section        0  stm32f1xx_hal_gpio.o(i.HAL_GPIO_Init)
    i.HAL_GPIO_ReadPin                       0x08000eec   Section        0  stm32f1xx_hal_gpio.o(i.HAL_GPIO_ReadPin)
    i.HAL_GPIO_WritePin                      0x08000efc   Section        0  stm32f1xx_hal_gpio.o(i.HAL_GPIO_WritePin)
    i.HAL_GetTick                            0x08000f08   Section        0  stm32f1xx_hal.o(i.HAL_GetTick)
    i.HAL_IncTick                            0x08000f14   Section        0  stm32f1xx_hal.o(i.HAL_IncTick)
    i.HAL_Init                               0x08000f24   Section        0  stm32f1xx_hal.o(i.HAL_Init)
    i.HAL_InitTick                           0x08000f4c   Section        0  stm32f1xx_hal_timebase_tim.o(i.HAL_InitTick)
    i.HAL_MspInit                            0x08000fd4   Section        0  stm32f1xx_hal_msp.o(i.HAL_MspInit)
    i.HAL_NVIC_DisableIRQ                    0x08001060   Section        0  stm32f1xx_hal_cortex.o(i.HAL_NVIC_DisableIRQ)
    i.HAL_NVIC_EnableIRQ                     0x0800107c   Section        0  stm32f1xx_hal_cortex.o(i.HAL_NVIC_EnableIRQ)
    i.HAL_NVIC_SetPriority                   0x08001096   Section        0  stm32f1xx_hal_cortex.o(i.HAL_NVIC_SetPriority)
    i.HAL_NVIC_SetPriorityGrouping           0x08001114   Section        0  stm32f1xx_hal_cortex.o(i.HAL_NVIC_SetPriorityGrouping)
    i.HAL_RCCEx_PeriphCLKConfig              0x0800113c   Section        0  stm32f1xx_hal_rcc_ex.o(i.HAL_RCCEx_PeriphCLKConfig)
    i.HAL_RCC_ClockConfig                    0x080012b8   Section        0  stm32f1xx_hal_rcc.o(i.HAL_RCC_ClockConfig)
    i.HAL_RCC_GetClockConfig                 0x08001550   Section        0  stm32f1xx_hal_rcc.o(i.HAL_RCC_GetClockConfig)
    i.HAL_RCC_GetHCLKFreq                    0x08001594   Section        0  stm32f1xx_hal_rcc.o(i.HAL_RCC_GetHCLKFreq)
    i.HAL_RCC_GetPCLK1Freq                   0x080015a0   Section        0  stm32f1xx_hal_rcc.o(i.HAL_RCC_GetPCLK1Freq)
    i.HAL_RCC_GetPCLK2Freq                   0x080015cc   Section        0  stm32f1xx_hal_rcc.o(i.HAL_RCC_GetPCLK2Freq)
    i.HAL_RCC_GetSysClockFreq                0x080015f8   Section        0  stm32f1xx_hal_rcc.o(i.HAL_RCC_GetSysClockFreq)
    i.HAL_RCC_OscConfig                      0x080016ac   Section        0  stm32f1xx_hal_rcc.o(i.HAL_RCC_OscConfig)
    i.HAL_SPI_Init                           0x08001f24   Section        0  stm32f1xx_hal_spi_ex.o(i.HAL_SPI_Init)
    i.HAL_SPI_MspInit                        0x08001fb0   Section        0  stm32f1xx_hal_msp.o(i.HAL_SPI_MspInit)
    i.HAL_SPI_Transmit                       0x08002064   Section        0  stm32f1xx_hal_spi.o(i.HAL_SPI_Transmit)
    i.HAL_SYSTICK_CLKSourceConfig            0x08002224   Section        0  stm32f1xx_hal_cortex.o(i.HAL_SYSTICK_CLKSourceConfig)
    i.HAL_SYSTICK_Config                     0x0800224c   Section        0  stm32f1xx_hal_cortex.o(i.HAL_SYSTICK_Config)
    i.HAL_TIMEx_BreakCallback                0x08002280   Section        0  stm32f1xx_hal_tim_ex.o(i.HAL_TIMEx_BreakCallback)
    i.HAL_TIMEx_CommutationCallback          0x08002282   Section        0  stm32f1xx_hal_tim_ex.o(i.HAL_TIMEx_CommutationCallback)
    i.HAL_TIMEx_MasterConfigSynchronization  0x08002284   Section        0  stm32f1xx_hal_tim_ex.o(i.HAL_TIMEx_MasterConfigSynchronization)
    i.HAL_TIM_Base_Init                      0x080022e6   Section        0  stm32f1xx_hal_tim.o(i.HAL_TIM_Base_Init)
    i.HAL_TIM_Base_MspInit                   0x0800231c   Section        0  stm32f1xx_hal_msp.o(i.HAL_TIM_Base_MspInit)
    i.HAL_TIM_Base_Start_IT                  0x08002360   Section        0  stm32f1xx_hal_tim.o(i.HAL_TIM_Base_Start_IT)
    i.HAL_TIM_Base_Stop_IT                   0x0800237e   Section        0  stm32f1xx_hal_tim.o(i.HAL_TIM_Base_Stop_IT)
    i.HAL_TIM_ConfigClockSource              0x080023b6   Section        0  stm32f1xx_hal_tim.o(i.HAL_TIM_ConfigClockSource)
    i.HAL_TIM_IC_CaptureCallback             0x080024e8   Section        0  stm32f1xx_hal_tim.o(i.HAL_TIM_IC_CaptureCallback)
    i.HAL_TIM_IRQHandler                     0x080024ea   Section        0  stm32f1xx_hal_tim.o(i.HAL_TIM_IRQHandler)
    i.HAL_TIM_OC_DelayElapsedCallback        0x08002680   Section        0  stm32f1xx_hal_tim.o(i.HAL_TIM_OC_DelayElapsedCallback)
    i.HAL_TIM_PWM_PulseFinishedCallback      0x08002682   Section        0  stm32f1xx_hal_tim.o(i.HAL_TIM_PWM_PulseFinishedCallback)
    i.HAL_TIM_PeriodElapsedCallback          0x08002684   Section        0  main.o(i.HAL_TIM_PeriodElapsedCallback)
    i.HAL_TIM_TriggerCallback                0x080026bc   Section        0  stm32f1xx_hal_tim.o(i.HAL_TIM_TriggerCallback)
    i.HAL_UART_ErrorCallback                 0x080026be   Section        0  stm32f1xx_hal_uart.o(i.HAL_UART_ErrorCallback)
    i.HAL_UART_IRQHandler                    0x080026c0   Section        0  stm32f1xx_hal_uart.o(i.HAL_UART_IRQHandler)
    i.HAL_UART_Init                          0x0800279a   Section        0  stm32f1xx_hal_uart.o(i.HAL_UART_Init)
    i.HAL_UART_MspInit                       0x08002808   Section        0  stm32f1xx_hal_msp.o(i.HAL_UART_MspInit)
    i.HAL_UART_RxCpltCallback                0x080029d4   Section        0  bluetooth.o(i.HAL_UART_RxCpltCallback)
    i.HAL_UART_Transmit_DMA                  0x08002a0c   Section        0  stm32f1xx_hal_uart.o(i.HAL_UART_Transmit_DMA)
    i.HAL_UART_TxCpltCallback                0x08002ab4   Section        0  bluetooth.o(i.HAL_UART_TxCpltCallback)
    i.HAL_UART_TxHalfCpltCallback            0x08002aec   Section        0  stm32f1xx_hal_uart.o(i.HAL_UART_TxHalfCpltCallback)
    i.HardFault_Handler                      0x08002aee   Section        0  stm32f1xx_it.o(i.HardFault_Handler)
    i.KB_NoteRoutine                         0x08002af4   Section        0  keyboard.o(i.KB_NoteRoutine)
    i.MX_ADC1_Init                           0x08002c24   Section        0  main.o(i.MX_ADC1_Init)
    MX_ADC1_Init                             0x08002c25   Thumb Code    74  main.o(i.MX_ADC1_Init)
    i.MX_DMA_Init                            0x08002c78   Section        0  main.o(i.MX_DMA_Init)
    MX_DMA_Init                              0x08002c79   Thumb Code    96  main.o(i.MX_DMA_Init)
    i.MX_GPIO_Init                           0x08002cdc   Section        0  main.o(i.MX_GPIO_Init)
    MX_GPIO_Init                             0x08002cdd   Thumb Code   274  main.o(i.MX_GPIO_Init)
    i.MX_SPI1_Init                           0x08002e08   Section        0  main.o(i.MX_SPI1_Init)
    MX_SPI1_Init                             0x08002e09   Thumb Code    60  main.o(i.MX_SPI1_Init)
    i.MX_SPI2_Init                           0x08002e4c   Section        0  main.o(i.MX_SPI2_Init)
    MX_SPI2_Init                             0x08002e4d   Thumb Code    64  main.o(i.MX_SPI2_Init)
    i.MX_TIM4_Init                           0x08002e94   Section        0  main.o(i.MX_TIM4_Init)
    MX_TIM4_Init                             0x08002e95   Thumb Code    78  main.o(i.MX_TIM4_Init)
    i.MX_USART1_UART_Init                    0x08002eec   Section        0  main.o(i.MX_USART1_UART_Init)
    MX_USART1_UART_Init                      0x08002eed   Thumb Code    46  main.o(i.MX_USART1_UART_Init)
    i.MX_USART3_UART_Init                    0x08002f24   Section        0  main.o(i.MX_USART3_UART_Init)
    MX_USART3_UART_Init                      0x08002f25   Thumb Code    54  main.o(i.MX_USART3_UART_Init)
    i.MemManage_Handler                      0x08002f64   Section        0  stm32f1xx_it.o(i.MemManage_Handler)
    i.NMI_Handler                            0x08002f68   Section        0  stm32f1xx_it.o(i.NMI_Handler)
    i.NVIC_GetPriorityGrouping               0x08002f6c   Section        0  stm32f1xx_hal_cortex.o(i.NVIC_GetPriorityGrouping)
    NVIC_GetPriorityGrouping                 0x08002f6d   Thumb Code    10  stm32f1xx_hal_cortex.o(i.NVIC_GetPriorityGrouping)
    i.NVIC_SetPriority                       0x08002f7c   Section        0  stm32f1xx_hal_cortex.o(i.NVIC_SetPriority)
    NVIC_SetPriority                         0x08002f7d   Thumb Code    32  stm32f1xx_hal_cortex.o(i.NVIC_SetPriority)
    i.SPI_WaitOnFlagUntilTimeout             0x08002fa4   Section        0  stm32f1xx_hal_spi.o(i.SPI_WaitOnFlagUntilTimeout)
    SPI_WaitOnFlagUntilTimeout               0x08002fa5   Thumb Code   276  stm32f1xx_hal_spi.o(i.SPI_WaitOnFlagUntilTimeout)
    i.StartDefaultTask                       0x080030b8   Section        0  main.o(i.StartDefaultTask)
    i.SysTick_Handler                        0x080030c2   Section        0  stm32f1xx_it.o(i.SysTick_Handler)
    i.SystemClock_Config                     0x080030ca   Section        0  main.o(i.SystemClock_Config)
    i.SystemInit                             0x08003150   Section        0  system_stm32f1xx.o(i.SystemInit)
    i.TIM1_UP_IRQHandler                     0x080031a8   Section        0  stm32f1xx_it.o(i.TIM1_UP_IRQHandler)
    i.TIM4_IRQHandler                        0x080031b8   Section        0  stm32f1xx_it.o(i.TIM4_IRQHandler)
    i.TIM_Base_SetConfig                     0x080031c8   Section        0  stm32f1xx_hal_tim.o(i.TIM_Base_SetConfig)
    i.TIM_ETR_SetConfig                      0x08003234   Section        0  stm32f1xx_hal_tim.o(i.TIM_ETR_SetConfig)
    TIM_ETR_SetConfig                        0x08003235   Thumb Code    24  stm32f1xx_hal_tim.o(i.TIM_ETR_SetConfig)
    i.TIM_ITRx_SetConfig                     0x0800324c   Section        0  stm32f1xx_hal_tim.o(i.TIM_ITRx_SetConfig)
    TIM_ITRx_SetConfig                       0x0800324d   Thumb Code    20  stm32f1xx_hal_tim.o(i.TIM_ITRx_SetConfig)
    i.TIM_TI1_ConfigInputStage               0x08003260   Section        0  stm32f1xx_hal_tim.o(i.TIM_TI1_ConfigInputStage)
    TIM_TI1_ConfigInputStage                 0x08003261   Thumb Code    42  stm32f1xx_hal_tim.o(i.TIM_TI1_ConfigInputStage)
    i.TIM_TI2_ConfigInputStage               0x0800328a   Section        0  stm32f1xx_hal_tim.o(i.TIM_TI2_ConfigInputStage)
    TIM_TI2_ConfigInputStage                 0x0800328b   Thumb Code    44  stm32f1xx_hal_tim.o(i.TIM_TI2_ConfigInputStage)
    i.UART_DMAError                          0x080032b6   Section        0  stm32f1xx_hal_uart.o(i.UART_DMAError)
    UART_DMAError                            0x080032b7   Thumb Code    34  stm32f1xx_hal_uart.o(i.UART_DMAError)
    i.UART_DMATransmitCplt                   0x080032d8   Section        0  stm32f1xx_hal_uart.o(i.UART_DMATransmitCplt)
    UART_DMATransmitCplt                     0x080032d9   Thumb Code    54  stm32f1xx_hal_uart.o(i.UART_DMATransmitCplt)
    i.UART_DMATxHalfCplt                     0x0800330e   Section        0  stm32f1xx_hal_uart.o(i.UART_DMATxHalfCplt)
    UART_DMATxHalfCplt                       0x0800330f   Thumb Code    14  stm32f1xx_hal_uart.o(i.UART_DMATxHalfCplt)
    i.UART_EndTransmit_IT                    0x0800331c   Section        0  stm32f1xx_hal_uart.o(i.UART_EndTransmit_IT)
    UART_EndTransmit_IT                      0x0800331d   Thumb Code    48  stm32f1xx_hal_uart.o(i.UART_EndTransmit_IT)
    i.UART_Receive_IT                        0x0800334c   Section        0  stm32f1xx_hal_uart.o(i.UART_Receive_IT)
    UART_Receive_IT                          0x0800334d   Thumb Code   188  stm32f1xx_hal_uart.o(i.UART_Receive_IT)
    i.UART_SetConfig                         0x08003408   Section        0  stm32f1xx_hal_uart.o(i.UART_SetConfig)
    UART_SetConfig                           0x08003409   Thumb Code   450  stm32f1xx_hal_uart.o(i.UART_SetConfig)
    i.UART_Transmit_IT                       0x080035d0   Section        0  stm32f1xx_hal_uart.o(i.UART_Transmit_IT)
    UART_Transmit_IT                         0x080035d1   Thumb Code   112  stm32f1xx_hal_uart.o(i.UART_Transmit_IT)
    i.USART1_IRQHandler                      0x08003640   Section        0  stm32f1xx_it.o(i.USART1_IRQHandler)
    i.USART3_IRQHandler                      0x08003650   Section        0  stm32f1xx_it.o(i.USART3_IRQHandler)
    i.UsageFault_Handler                     0x08003660   Section        0  stm32f1xx_it.o(i.UsageFault_Handler)
    i.__0sprintf$8                           0x08003664   Section        0  printf8.o(i.__0sprintf$8)
    i.__scatterload_copy                     0x0800368c   Section       14  handlers.o(i.__scatterload_copy)
    i.__scatterload_null                     0x0800369a   Section        2  handlers.o(i.__scatterload_null)
    i.__scatterload_zeroinit                 0x0800369c   Section       14  handlers.o(i.__scatterload_zeroinit)
    i._printf_core                           0x080036ac   Section        0  printf8.o(i._printf_core)
    _printf_core                             0x080036ad   Thumb Code   996  printf8.o(i._printf_core)
    i._printf_post_padding                   0x08003abc   Section        0  printf8.o(i._printf_post_padding)
    _printf_post_padding                     0x08003abd   Thumb Code    36  printf8.o(i._printf_post_padding)
    i._printf_pre_padding                    0x08003ae0   Section        0  printf8.o(i._printf_pre_padding)
    _printf_pre_padding                      0x08003ae1   Thumb Code    46  printf8.o(i._printf_pre_padding)
    i._sputc                                 0x08003b0e   Section        0  printf8.o(i._sputc)
    _sputc                                   0x08003b0f   Thumb Code    10  printf8.o(i._sputc)
    i.getNoteFromKey                         0x08003b18   Section        0  keyboard.o(i.getNoteFromKey)
    i.getPressKeySeqEvent                    0x08003b24   Section        0  keyboard.o(i.getPressKeySeqEvent)
    i.inHandlerMode                          0x08003b70   Section        0  cmsis_os.o(i.inHandlerMode)
    inHandlerMode                            0x08003b71   Thumb Code    16  cmsis_os.o(i.inHandlerMode)
    i.initKeyboard                           0x08003b80   Section        0  keyboard.o(i.initKeyboard)
    i.main                                   0x08003bb4   Section        0  main.o(i.main)
    i.makeFreeRtosPriority                   0x08003cbc   Section        0  cmsis_os.o(i.makeFreeRtosPriority)
    makeFreeRtosPriority                     0x08003cbd   Thumb Code    14  cmsis_os.o(i.makeFreeRtosPriority)
    i.osDelay                                0x08003cca   Section        0  cmsis_os.o(i.osDelay)
    i.osKernelStart                          0x08003ce2   Section        0  cmsis_os.o(i.osKernelStart)
    i.osMessageCreate                        0x08003cec   Section        0  cmsis_os.o(i.osMessageCreate)
    i.osSemaphoreCreate                      0x08003cfe   Section        0  cmsis_os.o(i.osSemaphoreCreate)
    i.osSemaphoreRelease                     0x08003d2c   Section        0  cmsis_os.o(i.osSemaphoreRelease)
    i.osSemaphoreWait                        0x08003d74   Section        0  cmsis_os.o(i.osSemaphoreWait)
    i.osSystickHandler                       0x08003dd8   Section        0  cmsis_os.o(i.osSystickHandler)
    i.osThreadCreate                         0x08003de8   Section        0  cmsis_os.o(i.osThreadCreate)
    i.prvAddCurrentTaskToDelayedList         0x08003e24   Section        0  tasks.o(i.prvAddCurrentTaskToDelayedList)
    prvAddCurrentTaskToDelayedList           0x08003e25   Thumb Code    62  tasks.o(i.prvAddCurrentTaskToDelayedList)
    i.prvAllocateTCBAndStack                 0x08003e78   Section        0  tasks.o(i.prvAllocateTCBAndStack)
    prvAllocateTCBAndStack                   0x08003e79   Thumb Code    66  tasks.o(i.prvAllocateTCBAndStack)
    i.prvCheckTasksWaitingTermination        0x08003ebc   Section        0  tasks.o(i.prvCheckTasksWaitingTermination)
    prvCheckTasksWaitingTermination          0x08003ebd   Thumb Code    86  tasks.o(i.prvCheckTasksWaitingTermination)
    i.prvCopyDataFromQueue                   0x08003f20   Section        0  queue.o(i.prvCopyDataFromQueue)
    prvCopyDataFromQueue                     0x08003f21   Thumb Code    42  queue.o(i.prvCopyDataFromQueue)
    i.prvCopyDataToQueue                     0x08003f4a   Section        0  queue.o(i.prvCopyDataToQueue)
    prvCopyDataToQueue                       0x08003f4b   Thumb Code   128  queue.o(i.prvCopyDataToQueue)
    i.prvDeleteTCB                           0x08003fca   Section        0  tasks.o(i.prvDeleteTCB)
    prvDeleteTCB                             0x08003fcb   Thumb Code    18  tasks.o(i.prvDeleteTCB)
    i.prvHeapInit                            0x08003fdc   Section        0  heap_4.o(i.prvHeapInit)
    prvHeapInit                              0x08003fdd   Thumb Code    98  heap_4.o(i.prvHeapInit)
    i.prvIdleTask                            0x08004058   Section        0  tasks.o(i.prvIdleTask)
    prvIdleTask                              0x08004059   Thumb Code    20  tasks.o(i.prvIdleTask)
    i.prvInitialiseTCBVariables              0x08004070   Section        0  tasks.o(i.prvInitialiseTCBVariables)
    prvInitialiseTCBVariables                0x08004071   Thumb Code    98  tasks.o(i.prvInitialiseTCBVariables)
    i.prvInitialiseTaskLists                 0x080040d4   Section        0  tasks.o(i.prvInitialiseTaskLists)
    prvInitialiseTaskLists                   0x080040d5   Thumb Code    70  tasks.o(i.prvInitialiseTaskLists)
    i.prvInsertBlockIntoFreeList             0x0800413c   Section        0  heap_4.o(i.prvInsertBlockIntoFreeList)
    prvInsertBlockIntoFreeList               0x0800413d   Thumb Code    96  heap_4.o(i.prvInsertBlockIntoFreeList)
    i.prvIsQueueEmpty                        0x080041a4   Section        0  queue.o(i.prvIsQueueEmpty)
    prvIsQueueEmpty                          0x080041a5   Thumb Code    26  queue.o(i.prvIsQueueEmpty)
    i.prvIsQueueFull                         0x080041be   Section        0  queue.o(i.prvIsQueueFull)
    prvIsQueueFull                           0x080041bf   Thumb Code    30  queue.o(i.prvIsQueueFull)
    i.prvResetNextTaskUnblockTime            0x080041dc   Section        0  tasks.o(i.prvResetNextTaskUnblockTime)
    prvResetNextTaskUnblockTime              0x080041dd   Thumb Code    42  tasks.o(i.prvResetNextTaskUnblockTime)
    i.prvTaskExitError                       0x08004210   Section        0  port.o(i.prvTaskExitError)
    prvTaskExitError                         0x08004211   Thumb Code    32  port.o(i.prvTaskExitError)
    i.prvUnlockQueue                         0x08004234   Section        0  queue.o(i.prvUnlockQueue)
    prvUnlockQueue                           0x08004235   Thumb Code   126  queue.o(i.prvUnlockQueue)
    i.pvPortMalloc                           0x080042b4   Section        0  heap_4.o(i.pvPortMalloc)
    i.pvTaskIncrementMutexHeldCount          0x080043c8   Section        0  tasks.o(i.pvTaskIncrementMutexHeldCount)
    i.pxPortInitialiseStack                  0x080043e8   Section        0  port.o(i.pxPortInitialiseStack)
    i.readPressedKey                         0x08004408   Section        0  keyboard.o(i.readPressedKey)
    i.uxListRemove                           0x080044a4   Section        0  list.o(i.uxListRemove)
    i.vListInitialise                        0x080044cc   Section        0  list.o(i.vListInitialise)
    i.vListInitialiseItem                    0x080044e6   Section        0  list.o(i.vListInitialiseItem)
    i.vListInsert                            0x080044ec   Section        0  list.o(i.vListInsert)
    i.vListInsertEnd                         0x08004520   Section        0  list.o(i.vListInsertEnd)
    i.vPortEnterCritical                     0x08004538   Section        0  port.o(i.vPortEnterCritical)
    i.vPortExitCritical                      0x0800457c   Section        0  port.o(i.vPortExitCritical)
    i.vPortFree                              0x080045a8   Section        0  heap_4.o(i.vPortFree)
    i.vPortSetupTimerInterrupt               0x08004620   Section        0  port.o(i.vPortSetupTimerInterrupt)
    i.vPortValidateInterruptPriority         0x08004640   Section        0  port.o(i.vPortValidateInterruptPriority)
    i.vPortYield                             0x0800469c   Section        0  port.o(i.vPortYield)
    i.vTaskDelay                             0x080046b4   Section        0  tasks.o(i.vTaskDelay)
    i.vTaskMissedYield                       0x08004724   Section        0  tasks.o(i.vTaskMissedYield)
    i.vTaskPlaceOnEventList                  0x08004730   Section        0  tasks.o(i.vTaskPlaceOnEventList)
    i.vTaskPriorityInherit                   0x080047a0   Section        0  tasks.o(i.vTaskPriorityInherit)
    i.vTaskSetTimeOutState                   0x08004850   Section        0  tasks.o(i.vTaskSetTimeOutState)
    i.vTaskStartScheduler                    0x08004874   Section        0  tasks.o(i.vTaskStartScheduler)
    i.vTaskSuspendAll                        0x080048d4   Section        0  tasks.o(i.vTaskSuspendAll)
    i.vTaskSwitchContext                     0x080048e4   Section        0  tasks.o(i.vTaskSwitchContext)
    i.xPortStartScheduler                    0x08004964   Section        0  port.o(i.xPortStartScheduler)
    i.xPortSysTickHandler                    0x08004a04   Section        0  port.o(i.xPortSysTickHandler)
    i.xQueueGenericCreate                    0x08004a24   Section        0  queue.o(i.xQueueGenericCreate)
    i.xQueueGenericReceive                   0x08004a8e   Section        0  queue.o(i.xQueueGenericReceive)
    i.xQueueGenericReset                     0x08004be8   Section        0  queue.o(i.xQueueGenericReset)
    i.xQueueGenericSend                      0x08004c60   Section        0  queue.o(i.xQueueGenericSend)
    i.xQueueGiveFromISR                      0x08004da2   Section        0  queue.o(i.xQueueGiveFromISR)
    i.xQueueReceiveFromISR                   0x08004e36   Section        0  queue.o(i.xQueueReceiveFromISR)
    i.xTaskCheckForTimeOut                   0x08004ec0   Section        0  tasks.o(i.xTaskCheckForTimeOut)
    i.xTaskGenericCreate                     0x08004f34   Section        0  tasks.o(i.xTaskGenericCreate)
    i.xTaskGetSchedulerState                 0x0800506c   Section        0  tasks.o(i.xTaskGetSchedulerState)
    i.xTaskIncrementTick                     0x0800508c   Section        0  tasks.o(i.xTaskIncrementTick)
    i.xTaskPriorityDisinherit                0x080051c8   Section        0  tasks.o(i.xTaskPriorityDisinherit)
    i.xTaskRemoveFromEventList               0x08005274   Section        0  tasks.o(i.xTaskRemoveFromEventList)
    i.xTaskResumeAll                         0x08005300   Section        0  tasks.o(i.xTaskResumeAll)
    .constdata                               0x080053e8   Section       68  main.o(.constdata)
    .constdata                               0x0800542c   Section       24  system_stm32f1xx.o(.constdata)
    .conststring                             0x08005444   Section       40  main.o(.conststring)
    .conststring                             0x0800546c   Section      265  bluetooth.o(.conststring)
    .data                                    0x20000000   Section        4  stm32f1xx_hal.o(.data)
    uwTick                                   0x20000000   Data           4  stm32f1xx_hal.o(.data)
    .data                                    0x20000004   Section        1  stm32f1xx_hal_spi_ex.o(.data)
    .data                                    0x20000008   Section       36  main.o(.data)
    .data                                    0x2000002c   Section      124  bluetooth.o(.data)
    unChannel                                0x2000009c   Data           1  bluetooth.o(.data)
    unVelocity                               0x2000009d   Data           1  bluetooth.o(.data)
    tHigherPriorityTaskWoken                 0x200000a0   Data           4  bluetooth.o(.data)
    tHigherPriorityTaskWoken                 0x200000a4   Data           4  bluetooth.o(.data)
    .data                                    0x200000a8   Section        5  keyboard.o(.data)
    unSPIRead                                0x200000a9   Data           1  keyboard.o(.data)
    unInitKeyCmds                            0x200000aa   Data           2  keyboard.o(.data)
    unChannel                                0x200000ac   Data           1  keyboard.o(.data)
    .data                                    0x200000b0   Section        4  system_stm32f1xx.o(.data)
    .data                                    0x200000b4   Section       24  heap_4.o(.data)
    xStart                                   0x200000b4   Data           8  heap_4.o(.data)
    pxEnd                                    0x200000bc   Data           4  heap_4.o(.data)
    xFreeBytesRemaining                      0x200000c0   Data           4  heap_4.o(.data)
    xMinimumEverFreeBytesRemaining           0x200000c4   Data           4  heap_4.o(.data)
    xBlockAllocatedBit                       0x200000c8   Data           4  heap_4.o(.data)
    .data                                    0x200000cc   Section       12  port.o(.data)
    uxCriticalNesting                        0x200000cc   Data           4  port.o(.data)
    ucMaxSysCallPriority                     0x200000d0   Data           1  port.o(.data)
    ulMaxPRIGROUPValue                       0x200000d4   Data           4  port.o(.data)
    .data                                    0x200000d8   Section       56  tasks.o(.data)
    pxDelayedTaskList                        0x200000dc   Data           4  tasks.o(.data)
    pxOverflowDelayedTaskList                0x200000e0   Data           4  tasks.o(.data)
    uxTasksDeleted                           0x200000e4   Data           4  tasks.o(.data)
    uxCurrentNumberOfTasks                   0x200000e8   Data           4  tasks.o(.data)
    xTickCount                               0x200000ec   Data           4  tasks.o(.data)
    uxTopReadyPriority                       0x200000f0   Data           4  tasks.o(.data)
    xSchedulerRunning                        0x200000f4   Data           4  tasks.o(.data)
    uxPendedTicks                            0x200000f8   Data           4  tasks.o(.data)
    xYieldPending                            0x200000fc   Data           4  tasks.o(.data)
    xNumOfOverflows                          0x20000100   Data           4  tasks.o(.data)
    uxTaskNumber                             0x20000104   Data           4  tasks.o(.data)
    xNextTaskUnblockTime                     0x20000108   Data           4  tasks.o(.data)
    uxSchedulerSuspended                     0x2000010c   Data           4  tasks.o(.data)
    .bss                                     0x20000110   Section      652  main.o(.bss)
    .bss                                     0x2000039c   Section      596  bluetooth.o(.bss)
    unRxBuffer                               0x2000039c   Data         512  bluetooth.o(.bss)
    unTxBuffer                               0x2000059c   Data          65  bluetooth.o(.bss)
    tSeqEvent                                0x200005e0   Data          16  bluetooth.o(.bss)
    .bss                                     0x200005f0   Section       32  keyboard.o(.bss)
    tPressKeySeqEvent                        0x200005f0   Data          16  keyboard.o(.bss)
    tPressKeySeqEvent                        0x20000600   Data          16  keyboard.o(.bss)
    .bss                                     0x20000610   Section       60  stm32f1xx_hal_timebase_tim.o(.bss)
    .bss                                     0x2000064c   Section     6114  heap_4.o(.bss)
    ucHeap                                   0x2000064c   Data        6114  heap_4.o(.bss)
    .bss                                     0x20001e30   Section      240  tasks.o(.bss)
    pxReadyTasksLists                        0x20001e30   Data         140  tasks.o(.bss)
    xDelayedTaskList1                        0x20001ebc   Data          20  tasks.o(.bss)
    xDelayedTaskList2                        0x20001ed0   Data          20  tasks.o(.bss)
    xPendingReadyList                        0x20001ee4   Data          20  tasks.o(.bss)
    xTasksWaitingTermination                 0x20001ef8   Data          20  tasks.o(.bss)
    xSuspendedTaskList                       0x20001f0c   Data          20  tasks.o(.bss)
    STACK                                    0x20001f20   Section     1024  startup_stm32f103xb.o(STACK)

    Global Symbols

    Symbol Name                              Value     Ov Type        Size  Object(Section)

    BuildAttributes$$THM_ISAv4$P$D$K$B$S$PE$A:L22UL41UL21$X:L11$S22US41US21$IEEE1$IW$USESV6$~STKCKD$USESV7$~SHL$OSPACE$ROPI$EBA8$MICROLIB$REQ8$PRES8$EABIv2 0x00000000   Number         0  anon$$obj.o ABSOLUTE
    __ARM_use_no_argv                        0x00000000   Number         0  main.o ABSOLUTE
    _printf_a                                0x00000000   Number         0  stubs.o ABSOLUTE
    _printf_c                                0x00000000   Number         0  stubs.o ABSOLUTE
    _printf_charcount                        0x00000000   Number         0  stubs.o ABSOLUTE
    _printf_d                                0x00000000   Number         0  stubs.o ABSOLUTE
    _printf_e                                0x00000000   Number         0  stubs.o ABSOLUTE
    _printf_f                                0x00000000   Number         0  stubs.o ABSOLUTE
    _printf_flags                            0x00000000   Number         0  stubs.o ABSOLUTE
    _printf_fp_dec                           0x00000000   Number         0  stubs.o ABSOLUTE
    _printf_fp_hex                           0x00000000   Number         0  stubs.o ABSOLUTE
    _printf_g                                0x00000000   Number         0  stubs.o ABSOLUTE
    _printf_i                                0x00000000   Number         0  stubs.o ABSOLUTE
    _printf_int_dec                          0x00000000   Number         0  stubs.o ABSOLUTE
    _printf_l                                0x00000000   Number         0  stubs.o ABSOLUTE
    _printf_lc                               0x00000000   Number         0  stubs.o ABSOLUTE
    _printf_ll                               0x00000000   Number         0  stubs.o ABSOLUTE
    _printf_lld                              0x00000000   Number         0  stubs.o ABSOLUTE
    _printf_lli                              0x00000000   Number         0  stubs.o ABSOLUTE
    _printf_llo                              0x00000000   Number         0  stubs.o ABSOLUTE
    _printf_llu                              0x00000000   Number         0  stubs.o ABSOLUTE
    _printf_llx                              0x00000000   Number         0  stubs.o ABSOLUTE
    _printf_longlong_dec                     0x00000000   Number         0  stubs.o ABSOLUTE
    _printf_longlong_hex                     0x00000000   Number         0  stubs.o ABSOLUTE
    _printf_longlong_oct                     0x00000000   Number         0  stubs.o ABSOLUTE
    _printf_ls                               0x00000000   Number         0  stubs.o ABSOLUTE
    _printf_mbtowc                           0x00000000   Number         0  stubs.o ABSOLUTE
    _printf_n                                0x00000000   Number         0  stubs.o ABSOLUTE
    _printf_o                                0x00000000   Number         0  stubs.o ABSOLUTE
    _printf_p                                0x00000000   Number         0  stubs.o ABSOLUTE
    _printf_percent                          0x00000000   Number         0  stubs.o ABSOLUTE
    _printf_pre_padding                      0x00000000   Number         0  stubs.o ABSOLUTE
    _printf_return_value                     0x00000000   Number         0  stubs.o ABSOLUTE
    _printf_s                                0x00000000   Number         0  stubs.o ABSOLUTE
    _printf_sizespec                         0x00000000   Number         0  stubs.o ABSOLUTE
    _printf_str                              0x00000000   Number         0  stubs.o ABSOLUTE
    _printf_truncate_signed                  0x00000000   Number         0  stubs.o ABSOLUTE
    _printf_truncate_unsigned                0x00000000   Number         0  stubs.o ABSOLUTE
    _printf_u                                0x00000000   Number         0  stubs.o ABSOLUTE
    _printf_wc                               0x00000000   Number         0  stubs.o ABSOLUTE
    _printf_wctomb                           0x00000000   Number         0  stubs.o ABSOLUTE
    _printf_widthprec                        0x00000000   Number         0  stubs.o ABSOLUTE
    _printf_x                                0x00000000   Number         0  stubs.o ABSOLUTE
    __cpp_initialize__aeabi_                  - Undefined Weak Reference
    __cxa_finalize                            - Undefined Weak Reference
    __decompress                              - Undefined Weak Reference
    _clock_init                               - Undefined Weak Reference
    _microlib_exit                            - Undefined Weak Reference
    __Vectors_Size                           0x000000ec   Number         0  startup_stm32f103xb.o ABSOLUTE
    __Vectors                                0x08000000   Data           4  startup_stm32f103xb.o(RESET)
    __Vectors_End                            0x080000ec   Data           0  startup_stm32f103xb.o(RESET)
    __main                                   0x080000ed   Thumb Code     0  entry.o(.ARM.Collect$$$$00000000)
    _main_stk                                0x080000ed   Thumb Code     0  entry2.o(.ARM.Collect$$$$00000001)
    _main_scatterload                        0x080000f1   Thumb Code     0  entry5.o(.ARM.Collect$$$$00000004)
    __main_after_scatterload                 0x080000f5   Thumb Code     0  entry5.o(.ARM.Collect$$$$00000004)
    _main_clock                              0x080000f5   Thumb Code     0  entry7b.o(.ARM.Collect$$$$00000008)
    _main_cpp_init                           0x080000f5   Thumb Code     0  entry8b.o(.ARM.Collect$$$$0000000A)
    _main_init                               0x080000f5   Thumb Code     0  entry9a.o(.ARM.Collect$$$$0000000B)
    __rt_final_cpp                           0x080000fd   Thumb Code     0  entry10a.o(.ARM.Collect$$$$0000000D)
    __rt_final_exit                          0x080000fd   Thumb Code     0  entry11a.o(.ARM.Collect$$$$0000000F)
    SVC_Handler                              0x08000101   Thumb Code    32  port.o(.emb_text)
    __asm___6_port_c_39a90d8d__prvStartFirstTask 0x08000125   Thumb Code    28  port.o(.emb_text)
    PendSV_Handler                           0x08000145   Thumb Code    64  port.o(.emb_text)
    ulPortSetInterruptMask                   0x08000189   Thumb Code    14  port.o(.emb_text)
    vPortClearInterruptMask                  0x08000197   Thumb Code     6  port.o(.emb_text)
    vPortGetIPSR                             0x0800019d   Thumb Code     6  port.o(.emb_text)
    Reset_Handler                            0x080001a5   Thumb Code     8  startup_stm32f103xb.o(.text)
    ADC1_2_IRQHandler                        0x080001bf   Thumb Code     0  startup_stm32f103xb.o(.text)
    CAN1_RX1_IRQHandler                      0x080001bf   Thumb Code     0  startup_stm32f103xb.o(.text)
    CAN1_SCE_IRQHandler                      0x080001bf   Thumb Code     0  startup_stm32f103xb.o(.text)
    DMA1_Channel1_IRQHandler                 0x080001bf   Thumb Code     0  startup_stm32f103xb.o(.text)
    DMA1_Channel6_IRQHandler                 0x080001bf   Thumb Code     0  startup_stm32f103xb.o(.text)
    DMA1_Channel7_IRQHandler                 0x080001bf   Thumb Code     0  startup_stm32f103xb.o(.text)
    EXTI0_IRQHandler                         0x080001bf   Thumb Code     0  startup_stm32f103xb.o(.text)
    EXTI15_10_IRQHandler                     0x080001bf   Thumb Code     0  startup_stm32f103xb.o(.text)
    EXTI1_IRQHandler                         0x080001bf   Thumb Code     0  startup_stm32f103xb.o(.text)
    EXTI2_IRQHandler                         0x080001bf   Thumb Code     0  startup_stm32f103xb.o(.text)
    EXTI3_IRQHandler                         0x080001bf   Thumb Code     0  startup_stm32f103xb.o(.text)
    EXTI4_IRQHandler                         0x080001bf   Thumb Code     0  startup_stm32f103xb.o(.text)
    FLASH_IRQHandler                         0x080001bf   Thumb Code     0  startup_stm32f103xb.o(.text)
    I2C1_ER_IRQHandler                       0x080001bf   Thumb Code     0  startup_stm32f103xb.o(.text)
    I2C1_EV_IRQHandler                       0x080001bf   Thumb Code     0  startup_stm32f103xb.o(.text)
    I2C2_ER_IRQHandler                       0x080001bf   Thumb Code     0  startup_stm32f103xb.o(.text)
    I2C2_EV_IRQHandler                       0x080001bf   Thumb Code     0  startup_stm32f103xb.o(.text)
    PVD_IRQHandler                           0x080001bf   Thumb Code     0  startup_stm32f103xb.o(.text)
    RCC_IRQHandler                           0x080001bf   Thumb Code     0  startup_stm32f103xb.o(.text)
    RTC_Alarm_IRQHandler                     0x080001bf   Thumb Code     0  startup_stm32f103xb.o(.text)
    RTC_IRQHandler                           0x080001bf   Thumb Code     0  startup_stm32f103xb.o(.text)
    SPI1_IRQHandler                          0x080001bf   Thumb Code     0  startup_stm32f103xb.o(.text)
    SPI2_IRQHandler                          0x080001bf   Thumb Code     0  startup_stm32f103xb.o(.text)
    TAMPER_IRQHandler                        0x080001bf   Thumb Code     0  startup_stm32f103xb.o(.text)
    TIM1_BRK_IRQHandler                      0x080001bf   Thumb Code     0  startup_stm32f103xb.o(.text)
    TIM1_CC_IRQHandler                       0x080001bf   Thumb Code     0  startup_stm32f103xb.o(.text)
    TIM1_TRG_COM_IRQHandler                  0x080001bf   Thumb Code     0  startup_stm32f103xb.o(.text)
    TIM2_IRQHandler                          0x080001bf   Thumb Code     0  startup_stm32f103xb.o(.text)
    TIM3_IRQHandler                          0x080001bf   Thumb Code     0  startup_stm32f103xb.o(.text)
    USART2_IRQHandler                        0x080001bf   Thumb Code     0  startup_stm32f103xb.o(.text)
    USBWakeUp_IRQHandler                     0x080001bf   Thumb Code     0  startup_stm32f103xb.o(.text)
    USB_HP_CAN1_TX_IRQHandler                0x080001bf   Thumb Code     0  startup_stm32f103xb.o(.text)
    USB_LP_CAN1_RX0_IRQHandler               0x080001bf   Thumb Code     0  startup_stm32f103xb.o(.text)
    WWDG_IRQHandler                          0x080001bf   Thumb Code     0  startup_stm32f103xb.o(.text)
    __aeabi_llsr                             0x080001c9   Thumb Code    32  llushr.o(.text)
    _ll_ushift_r                             0x080001c9   Thumb Code     0  llushr.o(.text)
    __aeabi_memcpy                           0x080001e9   Thumb Code    36  memcpya.o(.text)
    __aeabi_memcpy4                          0x080001e9   Thumb Code     0  memcpya.o(.text)
    __aeabi_memcpy8                          0x080001e9   Thumb Code     0  memcpya.o(.text)
    __aeabi_memset                           0x0800020d   Thumb Code    14  memseta.o(.text)
    __aeabi_memset4                          0x0800020d   Thumb Code     0  memseta.o(.text)
    __aeabi_memset8                          0x0800020d   Thumb Code     0  memseta.o(.text)
    __aeabi_memclr                           0x0800021b   Thumb Code     4  memseta.o(.text)
    __aeabi_memclr4                          0x0800021b   Thumb Code     0  memseta.o(.text)
    __aeabi_memclr8                          0x0800021b   Thumb Code     0  memseta.o(.text)
    _memset$wrapper                          0x0800021f   Thumb Code    18  memseta.o(.text)
    __aeabi_uldivmod                         0x08000231   Thumb Code    98  uldiv.o(.text)
    __scatterload                            0x08000295   Thumb Code    28  init.o(.text)
    __scatterload_rt2                        0x08000295   Thumb Code     0  init.o(.text)
    __aeabi_llsl                             0x080002b9   Thumb Code    30  llshl.o(.text)
    _ll_shift_l                              0x080002b9   Thumb Code     0  llshl.o(.text)
    ADC_ConversionStop_Disable               0x080002d7   Thumb Code    82  stm32f1xx_hal_adc.o(i.ADC_ConversionStop_Disable)
    BT_Comm                                  0x08000329   Thumb Code    80  bluetooth.o(i.BT_Comm)
    BusFault_Handler                         0x08000399   Thumb Code     4  stm32f1xx_it.o(i.BusFault_Handler)
    DMA1_Channel2_IRQHandler                 0x0800039d   Thumb Code    10  stm32f1xx_it.o(i.DMA1_Channel2_IRQHandler)
    DMA1_Channel3_IRQHandler                 0x080003ad   Thumb Code    10  stm32f1xx_it.o(i.DMA1_Channel3_IRQHandler)
    DMA1_Channel4_IRQHandler                 0x080003bd   Thumb Code    10  stm32f1xx_it.o(i.DMA1_Channel4_IRQHandler)
    DMA1_Channel5_IRQHandler                 0x080003cd   Thumb Code    10  stm32f1xx_it.o(i.DMA1_Channel5_IRQHandler)
    DebugMon_Handler                         0x080003fd   Thumb Code     2  stm32f1xx_it.o(i.DebugMon_Handler)
    EXTI9_5_IRQHandler                       0x080003ff   Thumb Code    10  stm32f1xx_it.o(i.EXTI9_5_IRQHandler)
    Error_Handler                            0x08000409   Thumb Code     4  main.o(i.Error_Handler)
    HAL_ADC_ConfigChannel                    0x0800040d   Thumb Code   438  stm32f1xx_hal_adc.o(i.HAL_ADC_ConfigChannel)
    HAL_ADC_Init                             0x080005d1   Thumb Code   346  stm32f1xx_hal_adc.o(i.HAL_ADC_Init)
    HAL_ADC_MspInit                          0x08000735   Thumb Code    78  stm32f1xx_hal_msp.o(i.HAL_ADC_MspInit)
    HAL_DMA_IRQHandler                       0x08000795   Thumb Code   780  stm32f1xx_hal_dma.o(i.HAL_DMA_IRQHandler)
    HAL_DMA_Init                             0x08000aa5   Thumb Code    84  stm32f1xx_hal_dma.o(i.HAL_DMA_Init)
    HAL_DMA_Start_IT                         0x08000af9   Thumb Code   118  stm32f1xx_hal_dma.o(i.HAL_DMA_Start_IT)
    HAL_Delay                                0x08000b6f   Thumb Code    26  stm32f1xx_hal.o(i.HAL_Delay)
    HAL_GPIO_EXTI_Callback                   0x08000b89   Thumb Code    34  keyboard.o(i.HAL_GPIO_EXTI_Callback)
    HAL_GPIO_EXTI_IRQHandler                 0x08000bb5   Thumb Code    24  stm32f1xx_hal_gpio.o(i.HAL_GPIO_EXTI_IRQHandler)
    HAL_GPIO_Init                            0x08000bd1   Thumb Code   764  stm32f1xx_hal_gpio.o(i.HAL_GPIO_Init)
    HAL_GPIO_ReadPin                         0x08000eed   Thumb Code    16  stm32f1xx_hal_gpio.o(i.HAL_GPIO_ReadPin)
    HAL_GPIO_WritePin                        0x08000efd   Thumb Code    12  stm32f1xx_hal_gpio.o(i.HAL_GPIO_WritePin)
    HAL_GetTick                              0x08000f09   Thumb Code     6  stm32f1xx_hal.o(i.HAL_GetTick)
    HAL_IncTick                              0x08000f15   Thumb Code    12  stm32f1xx_hal.o(i.HAL_IncTick)
    HAL_Init                                 0x08000f25   Thumb Code    34  stm32f1xx_hal.o(i.HAL_Init)
    HAL_InitTick                             0x08000f4d   Thumb Code   118  stm32f1xx_hal_timebase_tim.o(i.HAL_InitTick)
    HAL_MspInit                              0x08000fd5   Thumb Code   130  stm32f1xx_hal_msp.o(i.HAL_MspInit)
    HAL_NVIC_DisableIRQ                      0x08001061   Thumb Code    22  stm32f1xx_hal_cortex.o(i.HAL_NVIC_DisableIRQ)
    HAL_NVIC_EnableIRQ                       0x0800107d   Thumb Code    26  stm32f1xx_hal_cortex.o(i.HAL_NVIC_EnableIRQ)
    HAL_NVIC_SetPriority                     0x08001097   Thumb Code   124  stm32f1xx_hal_cortex.o(i.HAL_NVIC_SetPriority)
    HAL_NVIC_SetPriorityGrouping             0x08001115   Thumb Code    32  stm32f1xx_hal_cortex.o(i.HAL_NVIC_SetPriorityGrouping)
    HAL_RCCEx_PeriphCLKConfig                0x0800113d   Thumb Code   366  stm32f1xx_hal_rcc_ex.o(i.HAL_RCCEx_PeriphCLKConfig)
    HAL_RCC_ClockConfig                      0x080012b9   Thumb Code   648  stm32f1xx_hal_rcc.o(i.HAL_RCC_ClockConfig)
    HAL_RCC_GetClockConfig                   0x08001551   Thumb Code    58  stm32f1xx_hal_rcc.o(i.HAL_RCC_GetClockConfig)
    HAL_RCC_GetHCLKFreq                      0x08001595   Thumb Code     6  stm32f1xx_hal_rcc.o(i.HAL_RCC_GetHCLKFreq)
    HAL_RCC_GetPCLK1Freq                     0x080015a1   Thumb Code    36  stm32f1xx_hal_rcc.o(i.HAL_RCC_GetPCLK1Freq)
    HAL_RCC_GetPCLK2Freq                     0x080015cd   Thumb Code    36  stm32f1xx_hal_rcc.o(i.HAL_RCC_GetPCLK2Freq)
    HAL_RCC_GetSysClockFreq                  0x080015f9   Thumb Code   146  stm32f1xx_hal_rcc.o(i.HAL_RCC_GetSysClockFreq)
    HAL_RCC_OscConfig                        0x080016ad   Thumb Code  2164  stm32f1xx_hal_rcc.o(i.HAL_RCC_OscConfig)
    HAL_SPI_Init                             0x08001f25   Thumb Code   134  stm32f1xx_hal_spi_ex.o(i.HAL_SPI_Init)
    HAL_SPI_MspInit                          0x08001fb1   Thumb Code   158  stm32f1xx_hal_msp.o(i.HAL_SPI_MspInit)
    HAL_SPI_Transmit                         0x08002065   Thumb Code   448  stm32f1xx_hal_spi.o(i.HAL_SPI_Transmit)
    HAL_SYSTICK_CLKSourceConfig              0x08002225   Thumb Code    40  stm32f1xx_hal_cortex.o(i.HAL_SYSTICK_CLKSourceConfig)
    HAL_SYSTICK_Config                       0x0800224d   Thumb Code    52  stm32f1xx_hal_cortex.o(i.HAL_SYSTICK_Config)
    HAL_TIMEx_BreakCallback                  0x08002281   Thumb Code     2  stm32f1xx_hal_tim_ex.o(i.HAL_TIMEx_BreakCallback)
    HAL_TIMEx_CommutationCallback            0x08002283   Thumb Code     2  stm32f1xx_hal_tim_ex.o(i.HAL_TIMEx_CommutationCallback)
    HAL_TIMEx_MasterConfigSynchronization    0x08002285   Thumb Code    98  stm32f1xx_hal_tim_ex.o(i.HAL_TIMEx_MasterConfigSynchronization)
    HAL_TIM_Base_Init                        0x080022e7   Thumb Code    52  stm32f1xx_hal_tim.o(i.HAL_TIM_Base_Init)
    HAL_TIM_Base_MspInit                     0x0800231d   Thumb Code    58  stm32f1xx_hal_msp.o(i.HAL_TIM_Base_MspInit)
    HAL_TIM_Base_Start_IT                    0x08002361   Thumb Code    30  stm32f1xx_hal_tim.o(i.HAL_TIM_Base_Start_IT)
    HAL_TIM_Base_Stop_IT                     0x0800237f   Thumb Code    56  stm32f1xx_hal_tim.o(i.HAL_TIM_Base_Stop_IT)
    HAL_TIM_ConfigClockSource                0x080023b7   Thumb Code   306  stm32f1xx_hal_tim.o(i.HAL_TIM_ConfigClockSource)
    HAL_TIM_IC_CaptureCallback               0x080024e9   Thumb Code     2  stm32f1xx_hal_tim.o(i.HAL_TIM_IC_CaptureCallback)
    HAL_TIM_IRQHandler                       0x080024eb   Thumb Code   406  stm32f1xx_hal_tim.o(i.HAL_TIM_IRQHandler)
    HAL_TIM_OC_DelayElapsedCallback          0x08002681   Thumb Code     2  stm32f1xx_hal_tim.o(i.HAL_TIM_OC_DelayElapsedCallback)
    HAL_TIM_PWM_PulseFinishedCallback        0x08002683   Thumb Code     2  stm32f1xx_hal_tim.o(i.HAL_TIM_PWM_PulseFinishedCallback)
    HAL_TIM_PeriodElapsedCallback            0x08002685   Thumb Code    40  main.o(i.HAL_TIM_PeriodElapsedCallback)
    HAL_TIM_TriggerCallback                  0x080026bd   Thumb Code     2  stm32f1xx_hal_tim.o(i.HAL_TIM_TriggerCallback)
    HAL_UART_ErrorCallback                   0x080026bf   Thumb Code     2  stm32f1xx_hal_uart.o(i.HAL_UART_ErrorCallback)
    HAL_UART_IRQHandler                      0x080026c1   Thumb Code   218  stm32f1xx_hal_uart.o(i.HAL_UART_IRQHandler)
    HAL_UART_Init                            0x0800279b   Thumb Code   110  stm32f1xx_hal_uart.o(i.HAL_UART_Init)
    HAL_UART_MspInit                         0x08002809   Thumb Code   418  stm32f1xx_hal_msp.o(i.HAL_UART_MspInit)
    HAL_UART_RxCpltCallback                  0x080029d5   Thumb Code    42  bluetooth.o(i.HAL_UART_RxCpltCallback)
    HAL_UART_Transmit_DMA                    0x08002a0d   Thumb Code   156  stm32f1xx_hal_uart.o(i.HAL_UART_Transmit_DMA)
    HAL_UART_TxCpltCallback                  0x08002ab5   Thumb Code    42  bluetooth.o(i.HAL_UART_TxCpltCallback)
    HAL_UART_TxHalfCpltCallback              0x08002aed   Thumb Code     2  stm32f1xx_hal_uart.o(i.HAL_UART_TxHalfCpltCallback)
    HardFault_Handler                        0x08002aef   Thumb Code     4  stm32f1xx_it.o(i.HardFault_Handler)
    KB_NoteRoutine                           0x08002af5   Thumb Code   262  keyboard.o(i.KB_NoteRoutine)
    MemManage_Handler                        0x08002f65   Thumb Code     4  stm32f1xx_it.o(i.MemManage_Handler)
    NMI_Handler                              0x08002f69   Thumb Code     2  stm32f1xx_it.o(i.NMI_Handler)
    StartDefaultTask                         0x080030b9   Thumb Code    10  main.o(i.StartDefaultTask)
    SysTick_Handler                          0x080030c3   Thumb Code     8  stm32f1xx_it.o(i.SysTick_Handler)
    SystemClock_Config                       0x080030cb   Thumb Code   134  main.o(i.SystemClock_Config)
    SystemInit                               0x08003151   Thumb Code    70  system_stm32f1xx.o(i.SystemInit)
    TIM1_UP_IRQHandler                       0x080031a9   Thumb Code    10  stm32f1xx_it.o(i.TIM1_UP_IRQHandler)
    TIM4_IRQHandler                          0x080031b9   Thumb Code    10  stm32f1xx_it.o(i.TIM4_IRQHandler)
    TIM_Base_SetConfig                       0x080031c9   Thumb Code    94  stm32f1xx_hal_tim.o(i.TIM_Base_SetConfig)
    USART1_IRQHandler                        0x08003641   Thumb Code    10  stm32f1xx_it.o(i.USART1_IRQHandler)
    USART3_IRQHandler                        0x08003651   Thumb Code    10  stm32f1xx_it.o(i.USART3_IRQHandler)
    UsageFault_Handler                       0x08003661   Thumb Code     4  stm32f1xx_it.o(i.UsageFault_Handler)
    __0sprintf$8                             0x08003665   Thumb Code    34  printf8.o(i.__0sprintf$8)
    __1sprintf$8                             0x08003665   Thumb Code     0  printf8.o(i.__0sprintf$8)
    __2sprintf                               0x08003665   Thumb Code     0  printf8.o(i.__0sprintf$8)
    __scatterload_copy                       0x0800368d   Thumb Code    14  handlers.o(i.__scatterload_copy)
    __scatterload_null                       0x0800369b   Thumb Code     2  handlers.o(i.__scatterload_null)
    __scatterload_zeroinit                   0x0800369d   Thumb Code    14  handlers.o(i.__scatterload_zeroinit)
    getNoteFromKey                           0x08003b19   Thumb Code    12  keyboard.o(i.getNoteFromKey)
    getPressKeySeqEvent                      0x08003b25   Thumb Code    68  keyboard.o(i.getPressKeySeqEvent)
    initKeyboard                             0x08003b81   Thumb Code    40  keyboard.o(i.initKeyboard)
    main                                     0x08003bb5   Thumb Code   222  main.o(i.main)
    osDelay                                  0x08003ccb   Thumb Code    24  cmsis_os.o(i.osDelay)
    osKernelStart                            0x08003ce3   Thumb Code    10  cmsis_os.o(i.osKernelStart)
    osMessageCreate                          0x08003ced   Thumb Code    18  cmsis_os.o(i.osMessageCreate)
    osSemaphoreCreate                        0x08003cff   Thumb Code    44  cmsis_os.o(i.osSemaphoreCreate)
    osSemaphoreRelease                       0x08003d2d   Thumb Code    68  cmsis_os.o(i.osSemaphoreRelease)
    osSemaphoreWait                          0x08003d75   Thumb Code    96  cmsis_os.o(i.osSemaphoreWait)
    osSystickHandler                         0x08003dd9   Thumb Code    16  cmsis_os.o(i.osSystickHandler)
    osThreadCreate                           0x08003de9   Thumb Code    58  cmsis_os.o(i.osThreadCreate)
    pvPortMalloc                             0x080042b5   Thumb Code   254  heap_4.o(i.pvPortMalloc)
    pvTaskIncrementMutexHeldCount            0x080043c9   Thumb Code    26  tasks.o(i.pvTaskIncrementMutexHeldCount)
    pxPortInitialiseStack                    0x080043e9   Thumb Code    26  port.o(i.pxPortInitialiseStack)
    readPressedKey                           0x08004409   Thumb Code   144  keyboard.o(i.readPressedKey)
    uxListRemove                             0x080044a5   Thumb Code    40  list.o(i.uxListRemove)
    vListInitialise                          0x080044cd   Thumb Code    26  list.o(i.vListInitialise)
    vListInitialiseItem                      0x080044e7   Thumb Code     6  list.o(i.vListInitialiseItem)
    vListInsert                              0x080044ed   Thumb Code    52  list.o(i.vListInsert)
    vListInsertEnd                           0x08004521   Thumb Code    24  list.o(i.vListInsertEnd)
    vPortEnterCritical                       0x08004539   Thumb Code    58  port.o(i.vPortEnterCritical)
    vPortExitCritical                        0x0800457d   Thumb Code    40  port.o(i.vPortExitCritical)
    vPortFree                                0x080045a9   Thumb Code   112  heap_4.o(i.vPortFree)
    vPortSetupTimerInterrupt                 0x08004621   Thumb Code    26  port.o(i.vPortSetupTimerInterrupt)
    vPortValidateInterruptPriority           0x08004641   Thumb Code    78  port.o(i.vPortValidateInterruptPriority)
    vPortYield                               0x0800469d   Thumb Code    18  port.o(i.vPortYield)
    vTaskDelay                               0x080046b5   Thumb Code    94  tasks.o(i.vTaskDelay)
    vTaskMissedYield                         0x08004725   Thumb Code     8  tasks.o(i.vTaskMissedYield)
    vTaskPlaceOnEventList                    0x08004731   Thumb Code    94  tasks.o(i.vTaskPlaceOnEventList)
    vTaskPriorityInherit                     0x080047a1   Thumb Code   164  tasks.o(i.vTaskPriorityInherit)
    vTaskSetTimeOutState                     0x08004851   Thumb Code    28  tasks.o(i.vTaskSetTimeOutState)
    vTaskStartScheduler                      0x08004875   Thumb Code    70  tasks.o(i.vTaskStartScheduler)
    vTaskSuspendAll                          0x080048d5   Thumb Code    12  tasks.o(i.vTaskSuspendAll)
    vTaskSwitchContext                       0x080048e5   Thumb Code   106  tasks.o(i.vTaskSwitchContext)
    xPortStartScheduler                      0x08004965   Thumb Code   140  port.o(i.xPortStartScheduler)
    xPortSysTickHandler                      0x08004a05   Thumb Code    28  port.o(i.xPortSysTickHandler)
    xQueueGenericCreate                      0x08004a25   Thumb Code   106  queue.o(i.xQueueGenericCreate)
    xQueueGenericReceive                     0x08004a8f   Thumb Code   346  queue.o(i.xQueueGenericReceive)
    xQueueGenericReset                       0x08004be9   Thumb Code   120  queue.o(i.xQueueGenericReset)
    xQueueGenericSend                        0x08004c61   Thumb Code   322  queue.o(i.xQueueGenericSend)
    xQueueGiveFromISR                        0x08004da3   Thumb Code   148  queue.o(i.xQueueGiveFromISR)
    xQueueReceiveFromISR                     0x08004e37   Thumb Code   136  queue.o(i.xQueueReceiveFromISR)
    xTaskCheckForTimeOut                     0x08004ec1   Thumb Code   108  tasks.o(i.xTaskCheckForTimeOut)
    xTaskGenericCreate                       0x08004f35   Thumb Code   288  tasks.o(i.xTaskGenericCreate)
    xTaskGetSchedulerState                   0x0800506d   Thumb Code    24  tasks.o(i.xTaskGetSchedulerState)
    xTaskIncrementTick                       0x0800508d   Thumb Code   272  tasks.o(i.xTaskIncrementTick)
    xTaskPriorityDisinherit                  0x080051c9   Thumb Code   160  tasks.o(i.xTaskPriorityDisinherit)
    xTaskRemoveFromEventList                 0x08005275   Thumb Code   114  tasks.o(i.xTaskRemoveFromEventList)
    xTaskResumeAll                           0x08005301   Thumb Code   200  tasks.o(i.xTaskResumeAll)
    AHBPrescTable                            0x0800542c   Data          16  system_stm32f1xx.o(.constdata)
    APBPrescTable                            0x0800543c   Data           8  system_stm32f1xx.o(.constdata)
    Region$$Table$$Base                      0x08005578   Number         0  anon$$obj.o(Region$$Table)
    Region$$Table$$Limit                     0x08005598   Number         0  anon$$obj.o(Region$$Table)
    uCRCErrorWorkaroundCheck                 0x20000004   Data           1  stm32f1xx_hal_spi_ex.o(.data)
    defaultTaskHandle                        0x20000008   Data           4  main.o(.data)
    btCommTaskHandle                         0x2000000c   Data           4  main.o(.data)
    keyboardNoteTasHandle                    0x20000010   Data           4  main.o(.data)
    tNoteEventQueueHandle                    0x20000014   Data           4  main.o(.data)
    BT_tUART_TxIsrHandle                     0x20000018   Data           4  main.o(.data)
    BT_tUART_RxIsrHandle                     0x2000001c   Data           4  main.o(.data)
    KB_PressedHandle                         0x20000020   Data           4  main.o(.data)
    KB_ReleaseHandle                         0x20000024   Data           4  main.o(.data)
    KB_SPI_BusyHandle                        0x20000028   Data           4  main.o(.data)
    P_AT_CMD                                 0x2000002c   Data          56  bluetooth.o(.data)
    P_AT_CMD_RSP                             0x20000064   Data          56  bluetooth.o(.data)
    unPressedKey                             0x200000a8   Data           1  keyboard.o(.data)
    SystemCoreClock                          0x200000b0   Data           4  system_stm32f1xx.o(.data)
    pxCurrentTCB                             0x200000d8   Data           4  tasks.o(.data)
    hadc1                                    0x20000110   Data          48  main.o(.bss)
    hspi1                                    0x20000140   Data          88  main.o(.bss)
    hspi2                                    0x20000198   Data          88  main.o(.bss)
    htim4                                    0x200001f0   Data          60  main.o(.bss)
    huart1                                   0x2000022c   Data          64  main.o(.bss)
    huart3                                   0x2000026c   Data          64  main.o(.bss)
    hdma_usart1_tx                           0x200002ac   Data          56  main.o(.bss)
    hdma_usart1_rx                           0x200002e4   Data          56  main.o(.bss)
    hdma_usart3_rx                           0x2000031c   Data          56  main.o(.bss)
    hdma_usart3_tx                           0x20000354   Data          56  main.o(.bss)
    unVelocity                               0x2000038c   Data          16  main.o(.bss)
    htim1                                    0x20000610   Data          60  stm32f1xx_hal_timebase_tim.o(.bss)
    __initial_sp                             0x20002320   Data           0  startup_stm32f103xb.o(STACK)



==============================================================================

Memory Map of the image

  Image Entry point : 0x080000ed

  Load Region LR_IROM1 (Base: 0x08000000, Size: 0x000056a8, Max: 0x00010000, ABSOLUTE)

    Execution Region ER_IROM1 (Base: 0x08000000, Size: 0x00005598, Max: 0x00010000, ABSOLUTE)

    Base Addr    Size         Type   Attr      Idx    E Section Name        Object

    0x08000000   0x000000ec   Data   RO         3280    RESET               startup_stm32f103xb.o
    0x080000ec   0x00000000   Code   RO         4324  * .ARM.Collect$$$$00000000  mc_w.l(entry.o)
    0x080000ec   0x00000004   Code   RO         4602    .ARM.Collect$$$$00000001  mc_w.l(entry2.o)
    0x080000f0   0x00000004   Code   RO         4605    .ARM.Collect$$$$00000004  mc_w.l(entry5.o)
    0x080000f4   0x00000000   Code   RO         4607    .ARM.Collect$$$$00000008  mc_w.l(entry7b.o)
    0x080000f4   0x00000000   Code   RO         4609    .ARM.Collect$$$$0000000A  mc_w.l(entry8b.o)
    0x080000f4   0x00000008   Code   RO         4610    .ARM.Collect$$$$0000000B  mc_w.l(entry9a.o)
    0x080000fc   0x00000000   Code   RO         4612    .ARM.Collect$$$$0000000D  mc_w.l(entry10a.o)
    0x080000fc   0x00000000   Code   RO         4614    .ARM.Collect$$$$0000000F  mc_w.l(entry11a.o)
    0x080000fc   0x00000004   Code   RO         4603    .ARM.Collect$$$$00002712  mc_w.l(entry2.o)
    0x08000100   0x000000a2   Code   RO         3385    .emb_text           port.o
    0x080001a2   0x00000002   PAD
    0x080001a4   0x00000024   Code   RO         3281    .text               startup_stm32f103xb.o
    0x080001c8   0x00000020   Code   RO         4327    .text               mc_w.l(llushr.o)
    0x080001e8   0x00000024   Code   RO         4329    .text               mc_w.l(memcpya.o)
    0x0800020c   0x00000024   Code   RO         4331    .text               mc_w.l(memseta.o)
    0x08000230   0x00000062   Code   RO         4621    .text               mc_w.l(uldiv.o)
    0x08000292   0x00000002   PAD
    0x08000294   0x00000024   Code   RO         4634    .text               mc_w.l(init.o)
    0x080002b8   0x0000001e   Code   RO         4637    .text               mc_w.l(llshl.o)
    0x080002d6   0x00000052   Code   RO         1779    i.ADC_ConversionStop_Disable  stm32f1xx_hal_adc.o
    0x08000328   0x00000070   Code   RO         3013    i.BT_Comm           bluetooth.o
    0x08000398   0x00000004   Code   RO         2677    i.BusFault_Handler  stm32f1xx_it.o
    0x0800039c   0x00000010   Code   RO         2678    i.DMA1_Channel2_IRQHandler  stm32f1xx_it.o
    0x080003ac   0x00000010   Code   RO         2679    i.DMA1_Channel3_IRQHandler  stm32f1xx_it.o
    0x080003bc   0x00000010   Code   RO         2680    i.DMA1_Channel4_IRQHandler  stm32f1xx_it.o
    0x080003cc   0x00000010   Code   RO         2681    i.DMA1_Channel5_IRQHandler  stm32f1xx_it.o
    0x080003dc   0x00000020   Code   RO         1959    i.DMA_SetConfig     stm32f1xx_hal_dma.o
    0x080003fc   0x00000002   Code   RO         2682    i.DebugMon_Handler  stm32f1xx_it.o
    0x080003fe   0x0000000a   Code   RO         2683    i.EXTI9_5_IRQHandler  stm32f1xx_it.o
    0x08000408   0x00000004   Code   RO         2840    i.Error_Handler     main.o
    0x0800040c   0x000001c4   Code   RO         1785    i.HAL_ADC_ConfigChannel  stm32f1xx_hal_adc.o
    0x080005d0   0x00000164   Code   RO         1794    i.HAL_ADC_Init      stm32f1xx_hal_adc.o
    0x08000734   0x00000060   Code   RO         2941    i.HAL_ADC_MspInit   stm32f1xx_hal_msp.o
    0x08000794   0x00000310   Code   RO         1964    i.HAL_DMA_IRQHandler  stm32f1xx_hal_dma.o
    0x08000aa4   0x00000054   Code   RO         1965    i.HAL_DMA_Init      stm32f1xx_hal_dma.o
    0x08000af8   0x00000076   Code   RO         1968    i.HAL_DMA_Start_IT  stm32f1xx_hal_dma.o
    0x08000b6e   0x0000001a   Code   RO          817    i.HAL_Delay         stm32f1xx_hal.o
    0x08000b88   0x0000002c   Code   RO         3114    i.HAL_GPIO_EXTI_Callback  keyboard.o
    0x08000bb4   0x0000001c   Code   RO         1082    i.HAL_GPIO_EXTI_IRQHandler  stm32f1xx_hal_gpio.o
    0x08000bd0   0x0000031c   Code   RO         1083    i.HAL_GPIO_Init     stm32f1xx_hal_gpio.o
    0x08000eec   0x00000010   Code   RO         1085    i.HAL_GPIO_ReadPin  stm32f1xx_hal_gpio.o
    0x08000efc   0x0000000c   Code   RO         1087    i.HAL_GPIO_WritePin  stm32f1xx_hal_gpio.o
    0x08000f08   0x0000000c   Code   RO          821    i.HAL_GetTick       stm32f1xx_hal.o
    0x08000f14   0x00000010   Code   RO          822    i.HAL_IncTick       stm32f1xx_hal.o
    0x08000f24   0x00000028   Code   RO          823    i.HAL_Init          stm32f1xx_hal.o
    0x08000f4c   0x00000088   Code   RO         3188    i.HAL_InitTick      stm32f1xx_hal_timebase_tim.o
    0x08000fd4   0x0000008c   Code   RO         2942    i.HAL_MspInit       stm32f1xx_hal_msp.o
    0x08001060   0x0000001c   Code   RO         1658    i.HAL_NVIC_DisableIRQ  stm32f1xx_hal_cortex.o
    0x0800107c   0x0000001a   Code   RO         1659    i.HAL_NVIC_EnableIRQ  stm32f1xx_hal_cortex.o
    0x08001096   0x0000007c   Code   RO         1665    i.HAL_NVIC_SetPriority  stm32f1xx_hal_cortex.o
    0x08001112   0x00000002   PAD
    0x08001114   0x00000028   Code   RO         1666    i.HAL_NVIC_SetPriorityGrouping  stm32f1xx_hal_cortex.o
    0x0800113c   0x0000017c   Code   RO         1148    i.HAL_RCCEx_PeriphCLKConfig  stm32f1xx_hal_rcc_ex.o
    0x080012b8   0x00000298   Code   RO          577    i.HAL_RCC_ClockConfig  stm32f1xx_hal_rcc.o
    0x08001550   0x00000044   Code   RO          581    i.HAL_RCC_GetClockConfig  stm32f1xx_hal_rcc.o
    0x08001594   0x0000000c   Code   RO          582    i.HAL_RCC_GetHCLKFreq  stm32f1xx_hal_rcc.o
    0x080015a0   0x0000002c   Code   RO          584    i.HAL_RCC_GetPCLK1Freq  stm32f1xx_hal_rcc.o
    0x080015cc   0x0000002c   Code   RO          585    i.HAL_RCC_GetPCLK2Freq  stm32f1xx_hal_rcc.o
    0x080015f8   0x000000b4   Code   RO          586    i.HAL_RCC_GetSysClockFreq  stm32f1xx_hal_rcc.o
    0x080016ac   0x00000878   Code   RO          589    i.HAL_RCC_OscConfig  stm32f1xx_hal_rcc.o
    0x08001f24   0x0000008c   Code   RO         1047    i.HAL_SPI_Init      stm32f1xx_hal_spi_ex.o
    0x08001fb0   0x000000b4   Code   RO         2944    i.HAL_SPI_MspInit   stm32f1xx_hal_msp.o
    0x08002064   0x000001c0   Code   RO           20    i.HAL_SPI_Transmit  stm32f1xx_hal_spi.o
    0x08002224   0x00000028   Code   RO         1668    i.HAL_SYSTICK_CLKSourceConfig  stm32f1xx_hal_cortex.o
    0x0800224c   0x00000034   Code   RO         1670    i.HAL_SYSTICK_Config  stm32f1xx_hal_cortex.o
    0x08002280   0x00000002   Code   RO         1424    i.HAL_TIMEx_BreakCallback  stm32f1xx_hal_tim_ex.o
    0x08002282   0x00000002   Code   RO         1425    i.HAL_TIMEx_CommutationCallback  stm32f1xx_hal_tim_ex.o
    0x08002284   0x00000062   Code   RO         1441    i.HAL_TIMEx_MasterConfigSynchronization  stm32f1xx_hal_tim_ex.o
    0x080022e6   0x00000034   Code   RO         2038    i.HAL_TIM_Base_Init  stm32f1xx_hal_tim.o
    0x0800231a   0x00000002   PAD
    0x0800231c   0x00000044   Code   RO         2946    i.HAL_TIM_Base_MspInit  stm32f1xx_hal_msp.o
    0x08002360   0x0000001e   Code   RO         2043    i.HAL_TIM_Base_Start_IT  stm32f1xx_hal_tim.o
    0x0800237e   0x00000038   Code   RO         2046    i.HAL_TIM_Base_Stop_IT  stm32f1xx_hal_tim.o
    0x080023b6   0x00000132   Code   RO         2047    i.HAL_TIM_ConfigClockSource  stm32f1xx_hal_tim.o
    0x080024e8   0x00000002   Code   RO         2067    i.HAL_TIM_IC_CaptureCallback  stm32f1xx_hal_tim.o
    0x080024ea   0x00000196   Code   RO         2080    i.HAL_TIM_IRQHandler  stm32f1xx_hal_tim.o
    0x08002680   0x00000002   Code   RO         2083    i.HAL_TIM_OC_DelayElapsedCallback  stm32f1xx_hal_tim.o
    0x08002682   0x00000002   Code   RO         2110    i.HAL_TIM_PWM_PulseFinishedCallback  stm32f1xx_hal_tim.o
    0x08002684   0x00000038   Code   RO         2841    i.HAL_TIM_PeriodElapsedCallback  main.o
    0x080026bc   0x00000002   Code   RO         2121    i.HAL_TIM_TriggerCallback  stm32f1xx_hal_tim.o
    0x080026be   0x00000002   Code   RO         1194    i.HAL_UART_ErrorCallback  stm32f1xx_hal_uart.o
    0x080026c0   0x000000da   Code   RO         1197    i.HAL_UART_IRQHandler  stm32f1xx_hal_uart.o
    0x0800279a   0x0000006e   Code   RO         1198    i.HAL_UART_Init     stm32f1xx_hal_uart.o
    0x08002808   0x000001cc   Code   RO         2948    i.HAL_UART_MspInit  stm32f1xx_hal_msp.o
    0x080029d4   0x00000038   Code   RO         3014    i.HAL_UART_RxCpltCallback  bluetooth.o
    0x08002a0c   0x000000a8   Code   RO         1207    i.HAL_UART_Transmit_DMA  stm32f1xx_hal_uart.o
    0x08002ab4   0x00000038   Code   RO         3015    i.HAL_UART_TxCpltCallback  bluetooth.o
    0x08002aec   0x00000002   Code   RO         1210    i.HAL_UART_TxHalfCpltCallback  stm32f1xx_hal_uart.o
    0x08002aee   0x00000004   Code   RO         2684    i.HardFault_Handler  stm32f1xx_it.o
    0x08002af2   0x00000002   PAD
    0x08002af4   0x00000130   Code   RO         3115    i.KB_NoteRoutine    keyboard.o
    0x08002c24   0x00000054   Code   RO         2842    i.MX_ADC1_Init      main.o
    0x08002c78   0x00000064   Code   RO         2843    i.MX_DMA_Init       main.o
    0x08002cdc   0x0000012c   Code   RO         2844    i.MX_GPIO_Init      main.o
    0x08002e08   0x00000044   Code   RO         2845    i.MX_SPI1_Init      main.o
    0x08002e4c   0x00000048   Code   RO         2846    i.MX_SPI2_Init      main.o
    0x08002e94   0x00000058   Code   RO         2847    i.MX_TIM4_Init      main.o
    0x08002eec   0x00000038   Code   RO         2848    i.MX_USART1_UART_Init  main.o
    0x08002f24   0x00000040   Code   RO         2849    i.MX_USART3_UART_Init  main.o
    0x08002f64   0x00000004   Code   RO         2685    i.MemManage_Handler  stm32f1xx_it.o
    0x08002f68   0x00000002   Code   RO         2686    i.NMI_Handler       stm32f1xx_it.o
    0x08002f6a   0x00000002   PAD
    0x08002f6c   0x00000010   Code   RO         1672    i.NVIC_GetPriorityGrouping  stm32f1xx_hal_cortex.o
    0x08002f7c   0x00000028   Code   RO         1673    i.NVIC_SetPriority  stm32f1xx_hal_cortex.o
    0x08002fa4   0x00000114   Code   RO           43    i.SPI_WaitOnFlagUntilTimeout  stm32f1xx_hal_spi.o
    0x080030b8   0x0000000a   Code   RO         2850    i.StartDefaultTask  main.o
    0x080030c2   0x00000008   Code   RO         2687    i.SysTick_Handler   stm32f1xx_it.o
    0x080030ca   0x00000086   Code   RO         2851    i.SystemClock_Config  main.o
    0x08003150   0x00000058   Code   RO         3245    i.SystemInit        system_stm32f1xx.o
    0x080031a8   0x00000010   Code   RO         2688    i.TIM1_UP_IRQHandler  stm32f1xx_it.o
    0x080031b8   0x00000010   Code   RO         2689    i.TIM4_IRQHandler   stm32f1xx_it.o
    0x080031c8   0x0000006c   Code   RO         2122    i.TIM_Base_SetConfig  stm32f1xx_hal_tim.o
    0x08003234   0x00000018   Code   RO         2129    i.TIM_ETR_SetConfig  stm32f1xx_hal_tim.o
    0x0800324c   0x00000014   Code   RO         2130    i.TIM_ITRx_SetConfig  stm32f1xx_hal_tim.o
    0x08003260   0x0000002a   Code   RO         2136    i.TIM_TI1_ConfigInputStage  stm32f1xx_hal_tim.o
    0x0800328a   0x0000002c   Code   RO         2138    i.TIM_TI2_ConfigInputStage  stm32f1xx_hal_tim.o
    0x080032b6   0x00000022   Code   RO         1211    i.UART_DMAError     stm32f1xx_hal_uart.o
    0x080032d8   0x00000036   Code   RO         1214    i.UART_DMATransmitCplt  stm32f1xx_hal_uart.o
    0x0800330e   0x0000000e   Code   RO         1215    i.UART_DMATxHalfCplt  stm32f1xx_hal_uart.o
    0x0800331c   0x00000030   Code   RO         1216    i.UART_EndTransmit_IT  stm32f1xx_hal_uart.o
    0x0800334c   0x000000bc   Code   RO         1217    i.UART_Receive_IT   stm32f1xx_hal_uart.o
    0x08003408   0x000001c8   Code   RO         1218    i.UART_SetConfig    stm32f1xx_hal_uart.o
    0x080035d0   0x00000070   Code   RO         1219    i.UART_Transmit_IT  stm32f1xx_hal_uart.o
    0x08003640   0x00000010   Code   RO         2690    i.USART1_IRQHandler  stm32f1xx_it.o
    0x08003650   0x00000010   Code   RO         2691    i.USART3_IRQHandler  stm32f1xx_it.o
    0x08003660   0x00000004   Code   RO         2692    i.UsageFault_Handler  stm32f1xx_it.o
    0x08003664   0x00000028   Code   RO         4550    i.__0sprintf$8      mc_w.l(printf8.o)
    0x0800368c   0x0000000e   Code   RO         4646    i.__scatterload_copy  mc_w.l(handlers.o)
    0x0800369a   0x00000002   Code   RO         4647    i.__scatterload_null  mc_w.l(handlers.o)
    0x0800369c   0x0000000e   Code   RO         4648    i.__scatterload_zeroinit  mc_w.l(handlers.o)
    0x080036aa   0x00000002   PAD
    0x080036ac   0x00000410   Code   RO         4555    i._printf_core      mc_w.l(printf8.o)
    0x08003abc   0x00000024   Code   RO         4556    i._printf_post_padding  mc_w.l(printf8.o)
    0x08003ae0   0x0000002e   Code   RO         4557    i._printf_pre_padding  mc_w.l(printf8.o)
    0x08003b0e   0x0000000a   Code   RO         4559    i._sputc            mc_w.l(printf8.o)
    0x08003b18   0x0000000c   Code   RO         3116    i.getNoteFromKey    keyboard.o
    0x08003b24   0x0000004c   Code   RO         3117    i.getPressKeySeqEvent  keyboard.o
    0x08003b70   0x00000010   Code   RO         3458    i.inHandlerMode     cmsis_os.o
    0x08003b80   0x00000034   Code   RO         3118    i.initKeyboard      keyboard.o
    0x08003bb4   0x00000108   Code   RO         2852    i.main              main.o
    0x08003cbc   0x0000000e   Code   RO         3460    i.makeFreeRtosPriority  cmsis_os.o
    0x08003cca   0x00000018   Code   RO         3461    i.osDelay           cmsis_os.o
    0x08003ce2   0x0000000a   Code   RO         3464    i.osKernelStart     cmsis_os.o
    0x08003cec   0x00000012   Code   RO         3472    i.osMessageCreate   cmsis_os.o
    0x08003cfe   0x0000002c   Code   RO         3487    i.osSemaphoreCreate  cmsis_os.o
    0x08003d2a   0x00000002   PAD
    0x08003d2c   0x00000048   Code   RO         3489    i.osSemaphoreRelease  cmsis_os.o
    0x08003d74   0x00000064   Code   RO         3490    i.osSemaphoreWait   cmsis_os.o
    0x08003dd8   0x00000010   Code   RO         3493    i.osSystickHandler  cmsis_os.o
    0x08003de8   0x0000003a   Code   RO         3494    i.osThreadCreate    cmsis_os.o
    0x08003e22   0x00000002   PAD
    0x08003e24   0x00000054   Code   RO         3788    i.prvAddCurrentTaskToDelayedList  tasks.o
    0x08003e78   0x00000042   Code   RO         3789    i.prvAllocateTCBAndStack  tasks.o
    0x08003eba   0x00000002   PAD
    0x08003ebc   0x00000064   Code   RO         3790    i.prvCheckTasksWaitingTermination  tasks.o
    0x08003f20   0x0000002a   Code   RO         4170    i.prvCopyDataFromQueue  queue.o
    0x08003f4a   0x00000080   Code   RO         4171    i.prvCopyDataToQueue  queue.o
    0x08003fca   0x00000012   Code   RO         3791    i.prvDeleteTCB      tasks.o
    0x08003fdc   0x0000007c   Code   RO         3300    i.prvHeapInit       heap_4.o
    0x08004058   0x00000018   Code   RO         3792    i.prvIdleTask       tasks.o
    0x08004070   0x00000062   Code   RO         3793    i.prvInitialiseTCBVariables  tasks.o
    0x080040d2   0x00000002   PAD
    0x080040d4   0x00000068   Code   RO         3794    i.prvInitialiseTaskLists  tasks.o
    0x0800413c   0x00000068   Code   RO         3301    i.prvInsertBlockIntoFreeList  heap_4.o
    0x080041a4   0x0000001a   Code   RO         4172    i.prvIsQueueEmpty   queue.o
    0x080041be   0x0000001e   Code   RO         4173    i.prvIsQueueFull    queue.o
    0x080041dc   0x00000034   Code   RO         3796    i.prvResetNextTaskUnblockTime  tasks.o
    0x08004210   0x00000024   Code   RO         3386    i.prvTaskExitError  port.o
    0x08004234   0x0000007e   Code   RO         4174    i.prvUnlockQueue    queue.o
    0x080042b2   0x00000002   PAD
    0x080042b4   0x00000114   Code   RO         3302    i.pvPortMalloc      heap_4.o
    0x080043c8   0x00000020   Code   RO         3799    i.pvTaskIncrementMutexHeldCount  tasks.o
    0x080043e8   0x00000020   Code   RO         3387    i.pxPortInitialiseStack  port.o
    0x08004408   0x0000009c   Code   RO         3119    i.readPressedKey    keyboard.o
    0x080044a4   0x00000028   Code   RO         3349    i.uxListRemove      list.o
    0x080044cc   0x0000001a   Code   RO         3350    i.vListInitialise   list.o
    0x080044e6   0x00000006   Code   RO         3351    i.vListInitialiseItem  list.o
    0x080044ec   0x00000034   Code   RO         3352    i.vListInsert       list.o
    0x08004520   0x00000018   Code   RO         3353    i.vListInsertEnd    list.o
    0x08004538   0x00000044   Code   RO         3389    i.vPortEnterCritical  port.o
    0x0800457c   0x0000002c   Code   RO         3390    i.vPortExitCritical  port.o
    0x080045a8   0x00000078   Code   RO         3303    i.vPortFree         heap_4.o
    0x08004620   0x00000020   Code   RO         3391    i.vPortSetupTimerInterrupt  port.o
    0x08004640   0x0000005c   Code   RO         3392    i.vPortValidateInterruptPriority  port.o
    0x0800469c   0x00000018   Code   RO         3393    i.vPortYield        port.o
    0x080046b4   0x00000070   Code   RO         3807    i.vTaskDelay        tasks.o
    0x08004724   0x0000000c   Code   RO         3810    i.vTaskMissedYield  tasks.o
    0x08004730   0x00000070   Code   RO         3812    i.vTaskPlaceOnEventList  tasks.o
    0x080047a0   0x000000b0   Code   RO         3814    i.vTaskPriorityInherit  tasks.o
    0x08004850   0x00000024   Code   RO         3818    i.vTaskSetTimeOutState  tasks.o
    0x08004874   0x00000060   Code   RO         3819    i.vTaskStartScheduler  tasks.o
    0x080048d4   0x00000010   Code   RO         3821    i.vTaskSuspendAll   tasks.o
    0x080048e4   0x00000080   Code   RO         3822    i.vTaskSwitchContext  tasks.o
    0x08004964   0x000000a0   Code   RO         3394    i.xPortStartScheduler  port.o
    0x08004a04   0x00000020   Code   RO         3395    i.xPortSysTickHandler  port.o
    0x08004a24   0x0000006a   Code   RO         4185    i.xQueueGenericCreate  queue.o
    0x08004a8e   0x0000015a   Code   RO         4186    i.xQueueGenericReceive  queue.o
    0x08004be8   0x00000078   Code   RO         4187    i.xQueueGenericReset  queue.o
    0x08004c60   0x00000142   Code   RO         4188    i.xQueueGenericSend  queue.o
    0x08004da2   0x00000094   Code   RO         4190    i.xQueueGiveFromISR  queue.o
    0x08004e36   0x00000088   Code   RO         4194    i.xQueueReceiveFromISR  queue.o
    0x08004ebe   0x00000002   PAD
    0x08004ec0   0x00000074   Code   RO         3823    i.xTaskCheckForTimeOut  tasks.o
    0x08004f34   0x00000138   Code   RO         3824    i.xTaskGenericCreate  tasks.o
    0x0800506c   0x00000020   Code   RO         3828    i.xTaskGetSchedulerState  tasks.o
    0x0800508c   0x0000013c   Code   RO         3831    i.xTaskIncrementTick  tasks.o
    0x080051c8   0x000000ac   Code   RO         3834    i.xTaskPriorityDisinherit  tasks.o
    0x08005274   0x0000008c   Code   RO         3835    i.xTaskRemoveFromEventList  tasks.o
    0x08005300   0x000000e8   Code   RO         3837    i.xTaskResumeAll    tasks.o
    0x080053e8   0x00000044   Data   RO         2854    .constdata          main.o
    0x0800542c   0x00000018   Data   RO         3246    .constdata          system_stm32f1xx.o
    0x08005444   0x00000028   Data   RO         2855    .conststring        main.o
    0x0800546c   0x00000109   Data   RO         3025    .conststring        bluetooth.o
    0x08005575   0x00000003   PAD
    0x08005578   0x00000020   Data   RO         4644    Region$$Table       anon$$obj.o


    Execution Region RW_IRAM1 (Base: 0x20000000, Size: 0x00002320, Max: 0x00005000, ABSOLUTE)

    Base Addr    Size         Type   Attr      Idx    E Section Name        Object

    0x20000000   0x00000004   Data   RW          829    .data               stm32f1xx_hal.o
    0x20000004   0x00000001   Data   RW         1049    .data               stm32f1xx_hal_spi_ex.o
    0x20000005   0x00000003   PAD
    0x20000008   0x00000024   Data   RW         2856    .data               main.o
    0x2000002c   0x0000007c   Data   RW         3026    .data               bluetooth.o
    0x200000a8   0x00000005   Data   RW         3123    .data               keyboard.o
    0x200000ad   0x00000003   PAD
    0x200000b0   0x00000004   Data   RW         3247    .data               system_stm32f1xx.o
    0x200000b4   0x00000018   Data   RW         3308    .data               heap_4.o
    0x200000cc   0x0000000c   Data   RW         3396    .data               port.o
    0x200000d8   0x00000038   Data   RW         3840    .data               tasks.o
    0x20000110   0x0000028c   Zero   RW         2853    .bss                main.o
    0x2000039c   0x00000254   Zero   RW         3023    .bss                bluetooth.o
    0x200005f0   0x00000020   Zero   RW         3122    .bss                keyboard.o
    0x20000610   0x0000003c   Zero   RW         3191    .bss                stm32f1xx_hal_timebase_tim.o
    0x2000064c   0x000017e2   Zero   RW         3307    .bss                heap_4.o
    0x20001e2e   0x00000002   PAD
    0x20001e30   0x000000f0   Zero   RW         3839    .bss                tasks.o
    0x20001f20   0x00000400   Zero   RW         3278    STACK               startup_stm32f103xb.o


==============================================================================

Image component sizes


      Code (inc. data)   RO Data    RW Data    ZI Data      Debug   Object Name

       224         60        265        124        596       5721   bluetooth.o
       372          8          0          0          0      12703   cmsis_os.o
       624         64          0         24       6114       4215   heap_4.o
       644         84          0          5         32       4475   keyboard.o
       148          0          0          0          0       3422   list.o
      1300        144        108         36        652      12003   main.o
       682         86          0         12          0       8506   port.o
      1530          0          0          0          0      10761   queue.o
        36          8        236          0       1024        772   startup_stm32f103xb.o
        94         16          0          4          0       3027   stm32f1xx_hal.o
       890         24          0          0          0       3164   stm32f1xx_hal_adc.o
       366         28          0          0          0      27451   stm32f1xx_hal_cortex.o
      1018          4          0          0          0       3575   stm32f1xx_hal_dma.o
       852         36          0          0          0       4086   stm32f1xx_hal_gpio.o
       944        102          0          0          0       3898   stm32f1xx_hal_msp.o
      3180        110          0          0          0       6393   stm32f1xx_hal_rcc.o
       380         14          0          0          0       1336   stm32f1xx_hal_rcc_ex.o
       724          0          0          0          0     475331   stm32f1xx_hal_spi.o
       140          6          0          1          0       1354   stm32f1xx_hal_spi_ex.o
      1096         14          0          0          0       9642   stm32f1xx_hal_tim.o
       102          0          0          0          0       2258   stm32f1xx_hal_tim_ex.o
       136         18          0          0         60       1492   stm32f1xx_hal_timebase_tim.o
      1406         18          0          0          0       8321   stm32f1xx_hal_uart.o
       166         48          0          0          0      28955   stm32f1xx_it.o
        88         18         24          4          0       1395   system_stm32f1xx.o
      2586        356          0         56        240      19678   tasks.o
         0          0          0          0          0       1472   timers.o

    ----------------------------------------------------------------------
     19750       1266        668        272       8720     665406   Object Totals
         0          0         32          0          0          0   (incl. Generated)
        22          0          3          6          2          0   (incl. Padding)

    ----------------------------------------------------------------------

      Code (inc. data)   RO Data    RW Data    ZI Data      Debug   Library Member Name

         0          0          0          0          0          0   entry.o
         0          0          0          0          0          0   entry10a.o
         0          0          0          0          0          0   entry11a.o
         8          4          0          0          0          0   entry2.o
         4          0          0          0          0          0   entry5.o
         0          0          0          0          0          0   entry7b.o
         0          0          0          0          0          0   entry8b.o
         8          4          0          0          0          0   entry9a.o
        30          0          0          0          0          0   handlers.o
        36          8          0          0          0         68   init.o
        30          0          0          0          0         68   llshl.o
        32          0          0          0          0         68   llushr.o
        36          0          0          0          0         68   memcpya.o
        36          0          0          0          0        108   memseta.o
      1172         50          0          0          0        420   printf8.o
        98          0          0          0          0         92   uldiv.o

    ----------------------------------------------------------------------
      1494         66          0          0          0        892   Library Totals
         4          0          0          0          0          0   (incl. Padding)

    ----------------------------------------------------------------------

      Code (inc. data)   RO Data    RW Data    ZI Data      Debug   Library Name

      1490         66          0          0          0        892   mc_w.l

    ----------------------------------------------------------------------
      1494         66          0          0          0        892   Library Totals

    ----------------------------------------------------------------------

==============================================================================


      Code (inc. data)   RO Data    RW Data    ZI Data      Debug   

     21244       1332        668        272       8720     657298   Grand Totals
     21244       1332        668        272       8720     657298   ELF Image Totals
     21244       1332        668        272          0          0   ROM Totals

==============================================================================

    Total RO  Size (Code + RO Data)                21912 (  21.40kB)
    Total RW  Size (RW Data + ZI Data)              8992 (   8.78kB)
    Total ROM Size (Code + RO Data + RW Data)      22184 (  21.66kB)

==============================================================================

